01:40:53.554 [main                     ] DEBUG Logger               - Configured Logger
01:40:53.610 [main                     ] DEBUG GameApplication      - Logging settings
Title: SoundSpecApp
Version: 0.0
Width: 400
Height: 300
Fullscreen: false
Intro: false
Profiling: false
Single step:false
App Mode: DEVELOPER
Menu Key: ESCAPE
Stage Style: DECORATED
Scene Factory: class com.almasb.fxgl.app.scene.SceneFactory

01:40:54.168 [JavaFX Application Thread] DEBUG FXGLApplication      - Initializing FXGL
01:40:54.175 [JavaFX Application Thread] INFO  Engine               - FXGL-21.1 (27.03.2024 07.52) on LINUX (J:21.0.11 FX:21)
01:40:54.176 [JavaFX Application Thread] DEBUG Engine               - JRE Vendor Name: Ubuntu
01:40:54.177 [JavaFX Application Thread] DEBUG Engine               - Running on OS: Linux version 6.18.33.2-microsoft-standard-WSL2
01:40:54.177 [JavaFX Application Thread] DEBUG Engine               - Architecture: amd64
01:40:54.177 [JavaFX Application Thread] INFO  Engine               - Source code and latest versions at: https://github.com/AlmasB/FXGL
01:40:54.178 [JavaFX Application Thread] INFO  Engine               -       Ask questions and discuss at: https://github.com/AlmasB/FXGL/discussions
01:40:54.178 [JavaFX Application Thread] INFO  Engine               -              Join the FXGL chat at: https://gitter.im/AlmasB/FXGL
01:40:54.278 [JavaFX Application Thread] DEBUG PrimaryStageWindow   - Creating a JavaFX scene
01:40:54.346 [JavaFX Application Thread] DEBUG PrimaryStageWindow   - Target settings size: 400.0 x 300.0
01:40:54.346 [JavaFX Application Thread] DEBUG PrimaryStageWindow   - Scaled scene size:    400.0 x 300.0
01:40:54.347 [JavaFX Application Thread] DEBUG PrimaryStageWindow   - Scaled ratio: (1.0, 1.0)
01:40:54.349 [JavaFX Application Thread] DEBUG PrimaryStageWindow   - Set initial scene to FXGLStartupScene
01:40:54.353 [JavaFX Application Thread] DEBUG PrimaryStageWindow   - Opening main window
01:40:54.430 [JavaFX Application Thread] DEBUG PrimaryStageWindow   - Window border size: (0.0, 35.0)
01:40:54.430 [JavaFX Application Thread] DEBUG PrimaryStageWindow   - Scaled size: 400.0 x 265.0
01:40:54.431 [JavaFX Application Thread] DEBUG PrimaryStageWindow   - Scaled ratio: (1.0, 0.8833333333333333)
01:40:54.431 [JavaFX Application Thread] DEBUG PrimaryStageWindow   - Scene size: 400.0 x 300.0
01:40:54.431 [JavaFX Application Thread] DEBUG PrimaryStageWindow   - Stage size: 400.0 x 300.0
01:40:54.440 [FXGL Background Thread 1 ] DEBUG Engine               - Initializing environment variables
01:40:54.554 [FXGL Background Thread 1 ] DEBUG FXGLAssetLoaderServi - User app class for loading assets: class com.komahito.app.SoundSpecApp
01:40:54.555 [FXGL Background Thread 1 ] DEBUG GameApplicationServi - Applying CSS: fxgl_dark.css
01:40:54.556 [FXGL Background Thread 1 ] DEBUG FXGLAssetLoaderServi - Loading from file system: jar:file:///home/hitoha/.m2/repository/com/github/almasb/fxgl/21.1/fxgl-21.1.jar!/fxglassets/ui/css/fxgl_dark.css
01:40:54.631 [FXGL Background Thread 1 ] DEBUG GameApplicationServi - Initializing application scenes
01:40:54.678 [FXGL Background Thread 1 ] DEBUG GameWorld            - Game world initialized
01:40:54.756 [FXGL Background Thread 1 ] DEBUG PhysicsWorld         - Physics world initialized: appHeight=300, physics.ppm=50.0
01:40:54.757 [FXGL Background Thread 1 ] DEBUG PhysicsWorld         - Using strategy: BRUTE_FORCE
01:40:54.763 [FXGL Background Thread 1 ] DEBUG GameScene            - Game scene initialized: 400x300
01:40:54.775 [FXGL Background Thread 1 ] WARN  FXGL.DefaultMenu     - FXGLDefaultMenu is not designed for resolutions < 800x600
01:40:54.776 [FXGL Background Thread 1 ] DEBUG FXGL.DefaultMenu     - createMenuBodyGameMenu()
01:40:54.794 [FXGL Background Thread 1 ] DEBUG FXGL.DefaultMenu     - createOptionsMenu()
01:40:54.809 [FXGL Background Thread 1 ] DEBUG FXGLAssetLoaderServi - Loading from file system: jar:file:///home/hitoha/.m2/repository/com/github/almasb/fxgl/21.1/fxgl-21.1.jar!/fxglassets/textures/particles/smoke.png
01:40:54.917 [FXGL Background Thread 1 ] DEBUG FXGLAssetLoaderServi - Loading from file system: jar:file:///home/hitoha/.m2/repository/com/github/almasb/fxgl/21.1/fxgl-21.1.jar!/fxglassets/textures/particles/trace_horizontal.png
01:40:54.959 [FXGL Background Thread 1 ] DEBUG GameApplicationServi - Application scenes initialized
01:40:54.976 [FXGL Background Thread 1 ] DEBUG SystemBundleService  - Loading FXGL system data
01:40:54.980 [FXGL Background Thread 1 ] DEBUG FileSystemAccess     - Reading from: /home/hitoha/AirDancer/airDancer/airdancer/system/fxgl.bundle
01:40:54.994 [FXGL Background Thread 1 ] DEBUG SystemBundleService  - Bundle FXGL: {}
01:40:54.994 [FXGL Background Thread 1 ] DEBUG UpdaterService       - Checking for updates
01:40:54.999 [FXGL Background Thread 4 ] DEBUG FXGLApplication      - Loading fonts
01:40:55.000 [FXGL Background Thread 4 ] DEBUG FXGLAssetLoaderServi - Loading from file system: jar:file:///home/hitoha/.m2/repository/com/github/almasb/fxgl/21.1/fxgl-21.1.jar!/fxglassets/ui/fonts/VarelaRound-Regular.ttf
01:40:55.001 [FXGL Background Thread 1 ] DEBUG FXGLApplication      - Loading default localization
01:40:55.003 [FXGL Background Thread 1 ] DEBUG FXGLAssetLoaderServi - Loading from file system: jar:file:///home/hitoha/.m2/repository/com/github/almasb/fxgl/21.1/fxgl-21.1.jar!/fxglassets/languages/english.lang
01:40:55.009 [FXGL Background Thread 4 ] DEBUG FXGLAssetLoaderServi - Loading from file system: jar:file:///home/hitoha/.m2/repository/com/github/almasb/fxgl/21.1/fxgl-21.1.jar!/fxglassets/ui/fonts/Abel-Regular.ttf
01:40:55.011 [FXGL Background Thread 4 ] DEBUG FXGLAssetLoaderServi - Loading from file system: jar:file:///home/hitoha/.m2/repository/com/github/almasb/fxgl/21.1/fxgl-21.1.jar!/fxglassets/ui/fonts/TerminalLandMono-Regular.otf
01:40:55.014 [FXGL Background Thread 4 ] DEBUG FXGLAssetLoaderServi - Loading from file system: jar:file:///home/hitoha/.m2/repository/com/github/almasb/fxgl/21.1/fxgl-21.1.jar!/fxglassets/ui/fonts/Courier-Prime.ttf
01:40:55.019 [JavaFX Application Thread] DEBUG FXGLApplication      - Registering font factories with UI factory
01:40:55.027 [FXGL Background Thread 1 ] INFO  FXGLApplication      - FXGL initialization took: 0.586 sec
01:40:55.028 [JavaFX Application Thread] DEBUG FXGLAssetLoaderServi - Loading from file system: jar:file:///home/hitoha/.m2/repository/com/github/almasb/fxgl/21.1/fxgl-21.1.jar!/fxglassets/textures/fxgl_icon.png
01:40:55.061 [JavaFX Application Thread] DEBUG FXGLAssetLoaderServi - Loading from file system: jar:file:///home/hitoha/.m2/repository/com/github/almasb/fxgl/21.1/fxgl-21.1.jar!/fxglassets/textures/fxgl_default_cursor.png
01:40:55.074 [JavaFX Application Thread] DEBUG Input                - Registered new binding: Screenshot - CTRL+8
01:40:55.074 [JavaFX Application Thread] DEBUG Input                - Registered new binding: System info dump - CTRL+9
01:40:55.075 [JavaFX Application Thread] DEBUG Input                - Registered new binding: Restart - CTRL+R
01:40:55.075 [JavaFX Application Thread] DEBUG Input                - Registered new binding: Toggle Debug Camera - CTRL+7
01:40:55.077 [JavaFX Application Thread] DEBUG LoopRunner           - Starting loop
01:40:55.078 [JavaFX Application Thread] DEBUG LoopRunner           - Initializing JavaFX AnimationTimerLoop
01:40:55.078 [JavaFX Application Thread] DEBUG GameApplicationServi - Starting new game
01:40:55.079 [JavaFX Application Thread] DEBUG Input                - Clearing active input actions
01:40:55.106 [JavaFX Application Thread] DEBUG GameApplicationServi - Removing overlay from FXGLStartupScene and adding to FXGLLoadingScene
01:40:55.107 [JavaFX Application Thread] DEBUG PrimaryStageWindow   - FXGLStartupScene -> FXGLLoadingScene
01:40:55.107 [JavaFX Application Thread] DEBUG GameApplicationServi - Clearing previous game
01:40:55.108 [JavaFX Application Thread] DEBUG GameScene            - Clearing game scene
01:40:55.108 [JavaFX Application Thread] DEBUG GameWorld            - Clearing game world
01:40:55.108 [JavaFX Application Thread] DEBUG PhysicsWorld         - Clearing physics world
01:40:55.110 [FXGL Background Thread 1 ] DEBUG FXGLApplication      - Initializing game
01:40:55.187 [JavaFX Application Thread] DEBUG LoopRunner           - Stopping loop
01:40:55.190 [JavaFX Application Thread] FATAL FXGLApplication      - Uncaught Exception:
java.lang.RuntimeException: Initialization failed
	at com.almasb.fxgl.all@21.1/com.almasb.fxgl.app.FXGLApplication$InitAppTask.failed(FXGLApplication.kt:347)
	at javafx.graphics@21/javafx.concurrent.Task.setState(Task.java:710)
	at javafx.graphics@21/javafx.concurrent.Task$TaskCallable.lambda$call$2(Task.java:1429)
	at javafx.graphics@21/com.sun.javafx.application.PlatformImpl.lambda$runLater$10(PlatformImpl.java:456)
	at java.base/java.security.AccessController.doPrivileged(AccessController.java:400)
	at javafx.graphics@21/com.sun.javafx.application.PlatformImpl.lambda$runLater$11(PlatformImpl.java:455)
	at javafx.graphics@21/com.sun.glass.ui.InvokeLaterDispatcher$Future.run(InvokeLaterDispatcher.java:95)
	at javafx.graphics@21/com.sun.glass.ui.gtk.GtkApplication._runLoop(Native Method)
	at javafx.graphics@21/com.sun.glass.ui.gtk.GtkApplication.lambda$runLoop$10(GtkApplication.java:263)
	at java.base/java.lang.Thread.run(Thread.java:1583)
Caused by: java.lang.NullPointerException: media == null!
	at javafx.media@21.0.1/javafx.scene.media.MediaPlayer.<init>(MediaPlayer.java:403)
	at airdancer@1.0-SNAPSHOT/com.komahito.app.CalcSpecComponent.<init>(CalcSpecComponent.java:74)
	at airdancer@1.0-SNAPSHOT/com.komahito.app.SoundSpecEntityFactory.spawnSpecAnalyzer(SoundSpecEntityFactory.java:23)
	at java.base/jdk.internal.reflect.DirectMethodHandleAccessor.invoke(DirectMethodHandleAccessor.java:103)
	at java.base/java.lang.reflect.Method.invoke(Method.java:580)
	at com.almasb.fxgl.core@21.1/com.almasb.fxgl.core.reflect.ReflectionUtils.call(ReflectionUtils.java:104)
	at com.almasb.fxgl.core@21.1/com.almasb.fxgl.core.reflect.ReflectionUtils.lambda$mapToFunction$3(ReflectionUtils.java:111)
	at com.almasb.fxgl.entity@21.1/com.almasb.fxgl.entity.GameWorld$create$2.invoke(GameWorld.kt:428)
	at com.almasb.fxgl.entity@21.1/com.almasb.fxgl.entity.GameWorld$create$2.invoke(GameWorld.kt:428)
	at com.almasb.fxgl.core@21.1/com.almasb.fxgl.core.util.DSLKt.tryCatchRoot(DSL.kt:34)
	at com.almasb.fxgl.entity@21.1/com.almasb.fxgl.entity.GameWorld.create(GameWorld.kt:428)
	at com.almasb.fxgl.entity@21.1/com.almasb.fxgl.entity.GameWorld.spawn(GameWorld.kt:396)
	at com.almasb.fxgl.entity@21.1/com.almasb.fxgl.entity.GameWorld.spawn(GameWorld.kt:384)
	at com.almasb.fxgl.entity@21.1/com.almasb.fxgl.entity.GameWorld.spawn(GameWorld.kt:359)
	at com.almasb.fxgl.all@21.1/com.almasb.fxgl.dsl.FXGL$Companion.spawn(FXGL.kt:564)
	at com.almasb.fxgl.all@21.1/com.almasb.fxgl.dsl.FXGL.spawn(FXGL.kt)
	at airdancer@1.0-SNAPSHOT/com.komahito.app.SoundSpecApp.initGame(SoundSpecApp.java:69)
	at com.almasb.fxgl.all@21.1/com.almasb.fxgl.app.FXGLApplication$InitAppTask.initGame(FXGLApplication.kt:343)
	at com.almasb.fxgl.all@21.1/com.almasb.fxgl.app.FXGLApplication$InitAppTask.call(FXGLApplication.kt:321)
	at com.almasb.fxgl.all@21.1/com.almasb.fxgl.app.FXGLApplication$InitAppTask.call(FXGLApplication.kt:313)
	at javafx.graphics@21/javafx.concurrent.Task$TaskCallable.call(Task.java:1399)
	at java.base/java.util.concurrent.FutureTask.run(FutureTask.java:317)
	at java.base/java.util.concurrent.Executors$RunnableAdapter.call(Executors.java:572)
	at java.base/java.util.concurrent.FutureTask.run(FutureTask.java:317)
	at java.base/java.util.concurrent.ThreadPoolExecutor.runWorker(ThreadPoolExecutor.java:1144)
	at java.base/java.util.concurrent.ThreadPoolExecutor$Worker.run(ThreadPoolExecutor.java:642)
	... 1 more

01:40:55.190 [JavaFX Application Thread] FATAL FXGLApplication      - Application will now exit
01:40:55.250 [JavaFX Application Thread] DEBUG PrimaryStageWindow   - Push state: ErrorSubScene
01:40:55.250 [JavaFX Application Thread] DEBUG Input                - Clearing active input actions
01:40:55.263 [JavaFX Application Thread] DEBUG GameApplicationServi - Removing overlay from FXGLLoadingScene and adding to ErrorSubScene
01:40:55.263 [JavaFX Application Thread] DEBUG PrimaryStageWindow   - FXGLLoadingScene -> ErrorSubScene
01:40:55.841 [FXGL Background Thread 2 ] INFO  UpdaterService       - Your current version:  21.1
01:40:55.841 [FXGL Background Thread 2 ] INFO  UpdaterService       - Latest stable version: 25
01:40:57.997 [FXGL Background Thread 3 ] DEBUG Engine               - Logging environment variables
01:40:57.998 [FXGL Background Thread 3 ] DEBUG Engine               - achievements: []
01:40:57.998 [FXGL Background Thread 3 ] DEBUG Engine               - actualHeight: 362.0
01:40:57.999 [FXGL Background Thread 3 ] DEBUG Engine               - actualHeightProperty: ReadOnlyDoubleProperty [value: 362.0]
01:40:57.999 [FXGL Background Thread 3 ] DEBUG Engine               - actualWidth: 476.0
01:40:57.999 [FXGL Background Thread 3 ] DEBUG Engine               - actualWidthProperty: ReadOnlyDoubleProperty [value: 476.0]
01:40:57.999 [FXGL Background Thread 3 ] DEBUG Engine               - appIcon: fxgl_icon.png
01:40:57.999 [FXGL Background Thread 3 ] DEBUG Engine               - applicationMode: DEVELOPER
01:40:57.999 [FXGL Background Thread 3 ] DEBUG Engine               - cSSList: [fxgl_dark.css]
01:40:57.999 [FXGL Background Thread 3 ] DEBUG Engine               - collisionDetectionStrategy: BRUTE_FORCE
01:40:58.000 [FXGL Background Thread 3 ] DEBUG Engine               - configClass: Optional.empty
01:40:58.000 [FXGL Background Thread 3 ] DEBUG Engine               - credits: []
01:40:58.001 [FXGL Background Thread 3 ] DEBUG Engine               - defaultCursor: CursorInfo(imageName=fxgl_default_cursor.png, hotspotX=7.0, hotspotY=6.0)
01:40:58.001 [FXGL Background Thread 3 ] DEBUG Engine               - devBBoxColorProperty: ObjectProperty [value: 0xff0000ff]
01:40:58.001 [FXGL Background Thread 3 ] DEBUG Engine               - devEnableDebugCameraProperty: BooleanProperty [value: false]
01:40:58.002 [FXGL Background Thread 3 ] DEBUG Engine               - devSensorColorProperty: ObjectProperty [value: 0xffff00ff]
01:40:58.002 [FXGL Background Thread 3 ] DEBUG Engine               - devShowBBoxProperty: BooleanProperty [value: false]
01:40:58.002 [FXGL Background Thread 3 ] DEBUG Engine               - devShowPositionProperty: BooleanProperty [value: false]
01:40:58.002 [FXGL Background Thread 3 ] DEBUG Engine               - enabledMenuItems: []
01:40:58.002 [FXGL Background Thread 3 ] DEBUG Engine               - engineServices: [class com.almasb.fxgl.app.services.FXGLAssetLoaderService, class com.almasb.fxgl.app.FXGLApplication$GameApplicationService, class com.almasb.fxgl.app.services.FXGLDialogService, class com.almasb.fxgl.app.services.IOTaskExecutorService, class com.almasb.fxgl.io.FileSystemService, class com.almasb.fxgl.localization.LocalizationService, class com.almasb.fxgl.app.services.SystemBundleService, class com.almasb.fxgl.profile.SaveLoadService, class com.almasb.fxgl.ui.FXGLUIFactoryServiceProvider, class com.almasb.fxgl.ui.FXGLDialogFactoryServiceProvider, class com.almasb.fxgl.audio.AudioPlayer, class com.almasb.fxgl.notification.impl.NotificationServiceProvider, class com.almasb.fxgl.achievement.AchievementService, class com.almasb.fxgl.cutscene.CutsceneService, class com.almasb.fxgl.minigames.MiniGameService, class com.almasb.fxgl.net.NetService, class com.almasb.fxgl.app.services.UpdaterService, class com.almasb.fxgl.dev.DevService]
01:40:58.002 [FXGL Background Thread 3 ] DEBUG Engine               - fontGame: Abel-Regular.ttf
01:40:58.003 [FXGL Background Thread 3 ] DEBUG Engine               - fontMono: TerminalLandMono-Regular.otf
01:40:58.003 [FXGL Background Thread 3 ] DEBUG Engine               - fontSizeScaleUI: 1.0
01:40:58.003 [FXGL Background Thread 3 ] DEBUG Engine               - fontText: Courier-Prime.ttf
01:40:58.003 [FXGL Background Thread 3 ] DEBUG Engine               - fontUI: VarelaRound-Regular.ttf
01:40:58.003 [FXGL Background Thread 3 ] DEBUG Engine               - fullScreen: BooleanProperty [value: false]
01:40:58.003 [FXGL Background Thread 3 ] DEBUG Engine               - gameDifficulty: MEDIUM
01:40:58.003 [FXGL Background Thread 3 ] DEBUG Engine               - gameDifficultyProperty: ObjectProperty [value: MEDIUM]
01:40:58.003 [FXGL Background Thread 3 ] DEBUG Engine               - globalMusicVolume: 0.5
01:40:58.003 [FXGL Background Thread 3 ] DEBUG Engine               - globalMusicVolumeProperty: DoubleProperty [value: 0.5]
01:40:58.003 [FXGL Background Thread 3 ] DEBUG Engine               - globalSoundVolume: 0.5
01:40:58.004 [FXGL Background Thread 3 ] DEBUG Engine               - globalSoundVolumeProperty: DoubleProperty [value: 0.5]
01:40:58.004 [FXGL Background Thread 3 ] DEBUG Engine               - height: 300
01:40:58.004 [FXGL Background Thread 3 ] DEBUG Engine               - is3D: false
01:40:58.004 [FXGL Background Thread 3 ] DEBUG Engine               - isAndroid: false
01:40:58.005 [FXGL Background Thread 3 ] DEBUG Engine               - isBrowser: false
01:40:58.005 [FXGL Background Thread 3 ] DEBUG Engine               - isClickFeedbackEnabled: false
01:40:58.005 [FXGL Background Thread 3 ] DEBUG Engine               - isCloseConfirmation: false
01:40:58.006 [FXGL Background Thread 3 ] DEBUG Engine               - isDesktop: true
01:40:58.006 [FXGL Background Thread 3 ] DEBUG Engine               - isDeveloperMenuEnabled: false
01:40:58.006 [FXGL Background Thread 3 ] DEBUG Engine               - isEmbedded: false
01:40:58.006 [FXGL Background Thread 3 ] DEBUG Engine               - isEntityPreloadEnabled: true
01:40:58.006 [FXGL Background Thread 3 ] DEBUG Engine               - isExperimentalTiledLargeMap: false
01:40:58.006 [FXGL Background Thread 3 ] DEBUG Engine               - isFileSystemWriteAllowed: true
01:40:58.006 [FXGL Background Thread 3 ] DEBUG Engine               - isFullScreenAllowed: false
01:40:58.006 [FXGL Background Thread 3 ] DEBUG Engine               - isFullScreenFromStart: false
01:40:58.006 [FXGL Background Thread 3 ] DEBUG Engine               - isGameMenuEnabled: true
01:40:58.007 [FXGL Background Thread 3 ] DEBUG Engine               - isIOS: false
01:40:58.007 [FXGL Background Thread 3 ] DEBUG Engine               - isIntroEnabled: false
01:40:58.007 [FXGL Background Thread 3 ] DEBUG Engine               - isLinux: true
01:40:58.007 [FXGL Background Thread 3 ] DEBUG Engine               - isMac: false
01:40:58.007 [FXGL Background Thread 3 ] DEBUG Engine               - isMainMenuEnabled: false
01:40:58.008 [FXGL Background Thread 3 ] DEBUG Engine               - isManualResizeEnabled: false
01:40:58.008 [FXGL Background Thread 3 ] DEBUG Engine               - isMobile: false
01:40:58.008 [FXGL Background Thread 3 ] DEBUG Engine               - isNative: false
01:40:58.008 [FXGL Background Thread 3 ] DEBUG Engine               - isPauseMusicWhenMinimized: true
01:40:58.008 [FXGL Background Thread 3 ] DEBUG Engine               - isPreserveResizeRatio: false
01:40:58.008 [FXGL Background Thread 3 ] DEBUG Engine               - isProfilingEnabled: false
01:40:58.008 [FXGL Background Thread 3 ] DEBUG Engine               - isScaleAffectedOnResize: true
01:40:58.009 [FXGL Background Thread 3 ] DEBUG Engine               - isSingleStep: false
01:40:58.009 [FXGL Background Thread 3 ] DEBUG Engine               - isUserProfileEnabled: false
01:40:58.009 [FXGL Background Thread 3 ] DEBUG Engine               - isWindows: false
01:40:58.009 [FXGL Background Thread 3 ] DEBUG Engine               - language: ObjectProperty [value: ENGLISH]
01:40:58.009 [FXGL Background Thread 3 ] DEBUG Engine               - menuKey: ESCAPE
01:40:58.009 [FXGL Background Thread 3 ] DEBUG Engine               - mouseSensitivity: 0.2
01:40:58.009 [FXGL Background Thread 3 ] DEBUG Engine               - notificationViewClass: class com.almasb.fxgl.notification.view.XboxNotificationView
01:40:58.009 [FXGL Background Thread 3 ] DEBUG Engine               - pixelsPerMeter: 50.0
01:40:58.009 [FXGL Background Thread 3 ] DEBUG Engine               - platform: LINUX
01:40:58.009 [FXGL Background Thread 3 ] DEBUG Engine               - prefHeightProperty: ReadOnlyDoubleProperty [value: 300.0]
01:40:58.009 [FXGL Background Thread 3 ] DEBUG Engine               - prefWidthProperty: ReadOnlyDoubleProperty [value: 400.0]
01:40:58.009 [FXGL Background Thread 3 ] DEBUG Engine               - profileDir: profiles/
01:40:58.009 [FXGL Background Thread 3 ] DEBUG Engine               - profileName: StringProperty [value: DEFAULT]
01:40:58.009 [FXGL Background Thread 3 ] DEBUG Engine               - randomSeed: -1
01:40:58.010 [FXGL Background Thread 3 ] DEBUG Engine               - runtimeInfo: RuntimeInfo(platform=LINUX, version=21.1, build=27.03.2024 07.52)
01:40:58.010 [FXGL Background Thread 3 ] DEBUG Engine               - saveFileExt: sav
01:40:58.011 [FXGL Background Thread 3 ] DEBUG Engine               - scaledHeightProp$fxgl: DoubleProperty [bound, value: 362.0]
01:40:58.011 [FXGL Background Thread 3 ] DEBUG Engine               - scaledWidthProp$fxgl: DoubleProperty [bound, value: 476.0]
01:40:58.011 [FXGL Background Thread 3 ] DEBUG Engine               - sceneFactory: com.almasb.fxgl.app.scene.SceneFactory@4d04dd61
01:40:58.011 [FXGL Background Thread 3 ] DEBUG Engine               - secondsIn24h: 60
01:40:58.011 [FXGL Background Thread 3 ] DEBUG Engine               - soundMenuBack: menu/back.wav
01:40:58.011 [FXGL Background Thread 3 ] DEBUG Engine               - soundMenuPress: menu/press.wav
01:40:58.011 [FXGL Background Thread 3 ] DEBUG Engine               - soundMenuSelect: menu/select.wav
01:40:58.011 [FXGL Background Thread 3 ] DEBUG Engine               - soundNotification: core/notification.wav
01:40:58.012 [FXGL Background Thread 3 ] DEBUG Engine               - stageStyle: DECORATED
01:40:58.012 [FXGL Background Thread 3 ] DEBUG Engine               - supportedLanguages: [ENGLISH, FRENCH, GERMAN, HUNGARIAN, RUSSIAN]
01:40:58.012 [FXGL Background Thread 3 ] DEBUG Engine               - ticksPerSecond: -1
01:40:58.012 [FXGL Background Thread 3 ] DEBUG Engine               - title: SoundSpecApp
01:40:58.012 [FXGL Background Thread 3 ] DEBUG Engine               - urlGithub: https://github.com/AlmasB/FXGL
01:40:58.012 [FXGL Background Thread 3 ] DEBUG Engine               - urlLeaderboard: http://fxgl-top.herokuapp.com/
01:40:58.012 [FXGL Background Thread 3 ] DEBUG Engine               - urlPOM: https://raw.githubusercontent.com/AlmasB/FXGL/release/README.md
01:40:58.012 [FXGL Background Thread 3 ] DEBUG Engine               - userAppClass: class com.komahito.app.SoundSpecApp
01:40:58.012 [FXGL Background Thread 3 ] DEBUG Engine               - version: 0.0
01:40:58.012 [FXGL Background Thread 3 ] DEBUG Engine               - versionCheckDays: 7
01:40:58.013 [FXGL Background Thread 3 ] DEBUG Engine               - width: 400
01:40:58.013 [FXGL Background Thread 3 ] DEBUG Engine               - Logging services
01:40:58.013 [FXGL Background Thread 3 ] DEBUG Engine               - class com.almasb.fxgl.app.services.FXGLAssetLoaderService
01:40:58.013 [FXGL Background Thread 3 ] DEBUG Engine               - class com.almasb.fxgl.app.FXGLApplication$GameApplicationService
01:40:58.013 [FXGL Background Thread 3 ] DEBUG Engine               - class com.almasb.fxgl.app.services.FXGLDialogService
01:40:58.013 [FXGL Background Thread 3 ] DEBUG Engine               - class com.almasb.fxgl.app.services.IOTaskExecutorService
01:40:58.013 [FXGL Background Thread 3 ] DEBUG Engine               - class com.almasb.fxgl.io.FileSystemService
01:40:58.013 [FXGL Background Thread 3 ] DEBUG Engine               - class com.almasb.fxgl.localization.LocalizationService
01:40:58.013 [FXGL Background Thread 3 ] DEBUG Engine               - class com.almasb.fxgl.app.services.SystemBundleService
01:40:58.013 [FXGL Background Thread 3 ] DEBUG Engine               - class com.almasb.fxgl.profile.SaveLoadService
01:40:58.013 [FXGL Background Thread 3 ] DEBUG Engine               - class com.almasb.fxgl.ui.FXGLUIFactoryServiceProvider
01:40:58.013 [FXGL Background Thread 3 ] DEBUG Engine               - class com.almasb.fxgl.ui.FXGLDialogFactoryServiceProvider
01:40:58.013 [FXGL Background Thread 3 ] DEBUG Engine               - class com.almasb.fxgl.audio.AudioPlayer
01:40:58.013 [FXGL Background Thread 3 ] DEBUG Engine               - class com.almasb.fxgl.notification.impl.NotificationServiceProvider
01:40:58.013 [FXGL Background Thread 3 ] DEBUG Engine               - class com.almasb.fxgl.achievement.AchievementService
01:40:58.013 [FXGL Background Thread 3 ] DEBUG Engine               - class com.almasb.fxgl.cutscene.CutsceneService
01:40:58.013 [FXGL Background Thread 3 ] DEBUG Engine               - class com.almasb.fxgl.minigames.MiniGameService
01:40:58.013 [FXGL Background Thread 3 ] DEBUG Engine               - class com.almasb.fxgl.net.NetService
01:40:58.013 [FXGL Background Thread 3 ] DEBUG Engine               - class com.almasb.fxgl.app.services.UpdaterService
01:40:58.013 [FXGL Background Thread 3 ] DEBUG Engine               - class com.almasb.fxgl.dev.DevService
01:40:59.907 [JavaFX Application Thread] DEBUG FXGLApplication      - Exiting FXGL
01:40:59.907 [JavaFX Application Thread] DEBUG Async                - Shutting down background threads
01:40:59.907 [JavaFX Application Thread] DEBUG PrimaryStageWindow   - Closing main window
01:40:59.911 [JavaFX Application Thread] DEBUG Logger               - Closing Logger
