02:36:10.732 [main                     ] DEBUG Logger               - Configured Logger
02:36:10.793 [main                     ] DEBUG GameApplication      - Logging settings
Title: SoundSpecApp
Version: 0.0
Width: 400
Height: 300
Fullscreen: false
Intro: false
Profiling: false
Single step:false
App Mode: DEVELOPER
Menu Key: ESCAPE
Stage Style: DECORATED
Scene Factory: class com.almasb.fxgl.app.scene.SceneFactory

02:36:11.298 [JavaFX Application Thread] DEBUG FXGLApplication      - Initializing FXGL
02:36:11.306 [JavaFX Application Thread] INFO  Engine               - FXGL-21.1 (27.03.2024 07.52) on LINUX (J:21.0.11 FX:21)
02:36:11.308 [JavaFX Application Thread] DEBUG Engine               - JRE Vendor Name: Ubuntu
02:36:11.308 [JavaFX Application Thread] DEBUG Engine               - Running on OS: Linux version 6.18.33.2-microsoft-standard-WSL2
02:36:11.308 [JavaFX Application Thread] DEBUG Engine               - Architecture: amd64
02:36:11.308 [JavaFX Application Thread] INFO  Engine               - Source code and latest versions at: https://github.com/AlmasB/FXGL
02:36:11.309 [JavaFX Application Thread] INFO  Engine               -       Ask questions and discuss at: https://github.com/AlmasB/FXGL/discussions
02:36:11.309 [JavaFX Application Thread] INFO  Engine               -              Join the FXGL chat at: https://gitter.im/AlmasB/FXGL
02:36:11.398 [JavaFX Application Thread] DEBUG PrimaryStageWindow   - Creating a JavaFX scene
02:36:11.474 [JavaFX Application Thread] DEBUG PrimaryStageWindow   - Target settings size: 400.0 x 300.0
02:36:11.475 [JavaFX Application Thread] DEBUG PrimaryStageWindow   - Scaled scene size:    400.0 x 300.0
02:36:11.476 [JavaFX Application Thread] DEBUG PrimaryStageWindow   - Scaled ratio: (1.0, 1.0)
02:36:11.478 [JavaFX Application Thread] DEBUG PrimaryStageWindow   - Set initial scene to FXGLStartupScene
02:36:11.489 [JavaFX Application Thread] DEBUG PrimaryStageWindow   - Opening main window
02:36:11.572 [JavaFX Application Thread] DEBUG PrimaryStageWindow   - Window border size: (0.0, 35.0)
02:36:11.572 [JavaFX Application Thread] DEBUG PrimaryStageWindow   - Scaled size: 400.0 x 265.0
02:36:11.573 [JavaFX Application Thread] DEBUG PrimaryStageWindow   - Scaled ratio: (1.0, 0.8833333333333333)
02:36:11.573 [JavaFX Application Thread] DEBUG PrimaryStageWindow   - Scene size: 400.0 x 300.0
02:36:11.573 [JavaFX Application Thread] DEBUG PrimaryStageWindow   - Stage size: 400.0 x 300.0
02:36:11.581 [FXGL Background Thread 1 ] DEBUG Engine               - Initializing environment variables
02:36:11.698 [FXGL Background Thread 1 ] DEBUG FXGLAssetLoaderServi - User app class for loading assets: class com.komahito.app.SoundSpecApp
02:36:11.699 [FXGL Background Thread 1 ] DEBUG GameApplicationServi - Applying CSS: fxgl_dark.css
02:36:11.700 [FXGL Background Thread 1 ] DEBUG FXGLAssetLoaderServi - Loading from file system: jrt:/com.almasb.fxgl.all/fxglassets/ui/css/fxgl_dark.css
02:36:11.788 [FXGL Background Thread 1 ] DEBUG GameApplicationServi - Initializing application scenes
02:36:11.836 [FXGL Background Thread 1 ] DEBUG GameWorld            - Game world initialized
02:36:11.899 [FXGL Background Thread 1 ] DEBUG PhysicsWorld         - Physics world initialized: appHeight=300, physics.ppm=50.0
02:36:11.900 [FXGL Background Thread 1 ] DEBUG PhysicsWorld         - Using strategy: BRUTE_FORCE
02:36:11.907 [FXGL Background Thread 1 ] DEBUG GameScene            - Game scene initialized: 400x300
02:36:11.921 [FXGL Background Thread 1 ] WARN  FXGL.DefaultMenu     - FXGLDefaultMenu is not designed for resolutions < 800x600
02:36:11.921 [FXGL Background Thread 1 ] DEBUG FXGL.DefaultMenu     - createMenuBodyGameMenu()
02:36:11.938 [FXGL Background Thread 1 ] DEBUG FXGL.DefaultMenu     - createOptionsMenu()
02:36:11.956 [FXGL Background Thread 1 ] DEBUG FXGLAssetLoaderServi - Loading from file system: jrt:/com.almasb.fxgl.all/fxglassets/textures/particles/smoke.png
02:36:12.096 [FXGL Background Thread 1 ] DEBUG FXGLAssetLoaderServi - Loading from file system: jrt:/com.almasb.fxgl.all/fxglassets/textures/particles/trace_horizontal.png
02:36:12.826 [FXGL Background Thread 1 ] DEBUG GameApplicationServi - Application scenes initialized
02:36:12.845 [FXGL Background Thread 1 ] DEBUG SystemBundleService  - Loading FXGL system data
02:36:12.851 [FXGL Background Thread 1 ] DEBUG FileSystemAccess     - Reading from: /home/hitoha/AirDancer/airDancer/airdancer/system/fxgl.bundle
02:36:12.866 [FXGL Background Thread 1 ] DEBUG SystemBundleService  - Bundle FXGL: {}
02:36:12.866 [FXGL Background Thread 1 ] DEBUG UpdaterService       - Checking for updates
02:36:12.872 [FXGL Background Thread 4 ] DEBUG FXGLApplication      - Loading fonts
02:36:12.873 [FXGL Background Thread 4 ] DEBUG FXGLAssetLoaderServi - Loading from file system: jrt:/com.almasb.fxgl.all/fxglassets/ui/fonts/VarelaRound-Regular.ttf
02:36:12.873 [FXGL Background Thread 1 ] DEBUG FXGLApplication      - Loading default localization
02:36:12.874 [FXGL Background Thread 1 ] DEBUG FXGLAssetLoaderServi - Loading from file system: jrt:/com.almasb.fxgl.all/fxglassets/languages/english.lang
02:36:12.886 [FXGL Background Thread 4 ] DEBUG FXGLAssetLoaderServi - Loading from file system: jrt:/com.almasb.fxgl.all/fxglassets/ui/fonts/Abel-Regular.ttf
02:36:12.888 [FXGL Background Thread 4 ] DEBUG FXGLAssetLoaderServi - Loading from file system: jrt:/com.almasb.fxgl.all/fxglassets/ui/fonts/TerminalLandMono-Regular.otf
02:36:12.890 [FXGL Background Thread 4 ] DEBUG FXGLAssetLoaderServi - Loading from file system: jrt:/com.almasb.fxgl.all/fxglassets/ui/fonts/Courier-Prime.ttf
02:36:12.895 [FXGL Background Thread 1 ] INFO  FXGLApplication      - FXGL initialization took: 0.629 sec
02:36:12.902 [JavaFX Application Thread] DEBUG FXGLApplication      - Registering font factories with UI factory
02:36:12.904 [JavaFX Application Thread] DEBUG FXGLAssetLoaderServi - Loading from file system: jrt:/com.almasb.fxgl.all/fxglassets/textures/fxgl_icon.png
02:36:12.938 [JavaFX Application Thread] DEBUG FXGLAssetLoaderServi - Loading from file system: jrt:/com.almasb.fxgl.all/fxglassets/textures/fxgl_default_cursor.png
02:36:12.952 [JavaFX Application Thread] DEBUG Input                - Registered new binding: Screenshot - CTRL+8
02:36:12.952 [JavaFX Application Thread] DEBUG Input                - Registered new binding: System info dump - CTRL+9
02:36:12.953 [JavaFX Application Thread] DEBUG Input                - Registered new binding: Restart - CTRL+R
02:36:12.953 [JavaFX Application Thread] DEBUG Input                - Registered new binding: Toggle Debug Camera - CTRL+7
02:36:12.957 [JavaFX Application Thread] DEBUG LoopRunner           - Starting loop
02:36:12.957 [JavaFX Application Thread] DEBUG LoopRunner           - Initializing JavaFX AnimationTimerLoop
02:36:12.958 [JavaFX Application Thread] DEBUG GameApplicationServi - Starting new game
02:36:12.958 [JavaFX Application Thread] DEBUG Input                - Clearing active input actions
02:36:12.981 [JavaFX Application Thread] DEBUG GameApplicationServi - Removing overlay from FXGLStartupScene and adding to FXGLLoadingScene
02:36:12.982 [JavaFX Application Thread] DEBUG PrimaryStageWindow   - FXGLStartupScene -> FXGLLoadingScene
02:36:12.982 [JavaFX Application Thread] DEBUG GameApplicationServi - Clearing previous game
02:36:12.983 [JavaFX Application Thread] DEBUG GameScene            - Clearing game scene
02:36:12.983 [JavaFX Application Thread] DEBUG GameWorld            - Clearing game world
02:36:12.984 [JavaFX Application Thread] DEBUG PhysicsWorld         - Clearing physics world
02:36:12.985 [FXGL Background Thread 1 ] DEBUG FXGLApplication      - Initializing game
02:36:13.726 [FXGL Background Thread 2 ] WARN  UpdaterService       - Failed to find updates: javax.net.ssl.SSLHandshakeException: (handshake_failure) Received fatal alert: handshake_failure
02:36:14.685 [FXGL Background Thread 1 ] INFO  FXGLApplication      - Game initialization took: 1.699 sec
02:36:14.687 [JavaFX Application Thread] DEBUG Input                - Clearing active input actions
02:36:14.709 [JavaFX Application Thread] DEBUG GameApplicationServi - Removing overlay from FXGLLoadingScene and adding to GameScene
02:36:14.709 [JavaFX Application Thread] DEBUG PrimaryStageWindow   - FXGLLoadingScene -> GameScene
02:36:15.870 [FXGL Background Thread 3 ] DEBUG Engine               - Logging environment variables
02:36:15.873 [FXGL Background Thread 3 ] DEBUG Engine               - achievements: []
02:36:15.874 [FXGL Background Thread 3 ] DEBUG Engine               - actualHeight: 362.0
02:36:15.874 [FXGL Background Thread 3 ] DEBUG Engine               - actualHeightProperty: ReadOnlyDoubleProperty [value: 362.0]
02:36:15.875 [FXGL Background Thread 3 ] DEBUG Engine               - actualWidth: 476.0
02:36:15.875 [FXGL Background Thread 3 ] DEBUG Engine               - actualWidthProperty: ReadOnlyDoubleProperty [value: 476.0]
02:36:15.875 [FXGL Background Thread 3 ] DEBUG Engine               - appIcon: fxgl_icon.png
02:36:15.876 [FXGL Background Thread 3 ] DEBUG Engine               - applicationMode: DEVELOPER
02:36:15.876 [FXGL Background Thread 3 ] DEBUG Engine               - cSSList: [fxgl_dark.css]
02:36:15.876 [FXGL Background Thread 3 ] DEBUG Engine               - collisionDetectionStrategy: BRUTE_FORCE
02:36:15.876 [FXGL Background Thread 3 ] DEBUG Engine               - configClass: Optional.empty
02:36:15.877 [FXGL Background Thread 3 ] DEBUG Engine               - credits: []
02:36:15.878 [FXGL Background Thread 3 ] DEBUG Engine               - defaultCursor: CursorInfo(imageName=fxgl_default_cursor.png, hotspotX=7.0, hotspotY=6.0)
02:36:15.878 [FXGL Background Thread 3 ] DEBUG Engine               - devBBoxColorProperty: ObjectProperty [value: 0xff0000ff]
02:36:15.879 [FXGL Background Thread 3 ] DEBUG Engine               - devEnableDebugCameraProperty: BooleanProperty [value: false]
02:36:15.879 [FXGL Background Thread 3 ] DEBUG Engine               - devSensorColorProperty: ObjectProperty [value: 0xffff00ff]
02:36:15.879 [FXGL Background Thread 3 ] DEBUG Engine               - devShowBBoxProperty: BooleanProperty [value: false]
02:36:15.879 [FXGL Background Thread 3 ] DEBUG Engine               - devShowPositionProperty: BooleanProperty [value: false]
02:36:15.879 [FXGL Background Thread 3 ] DEBUG Engine               - enabledMenuItems: []
02:36:15.879 [FXGL Background Thread 3 ] DEBUG Engine               - engineServices: [class com.almasb.fxgl.app.services.FXGLAssetLoaderService, class com.almasb.fxgl.app.FXGLApplication$GameApplicationService, class com.almasb.fxgl.app.services.FXGLDialogService, class com.almasb.fxgl.app.services.IOTaskExecutorService, class com.almasb.fxgl.io.FileSystemService, class com.almasb.fxgl.localization.LocalizationService, class com.almasb.fxgl.app.services.SystemBundleService, class com.almasb.fxgl.profile.SaveLoadService, class com.almasb.fxgl.ui.FXGLUIFactoryServiceProvider, class com.almasb.fxgl.ui.FXGLDialogFactoryServiceProvider, class com.almasb.fxgl.audio.AudioPlayer, class com.almasb.fxgl.notification.impl.NotificationServiceProvider, class com.almasb.fxgl.achievement.AchievementService, class com.almasb.fxgl.cutscene.CutsceneService, class com.almasb.fxgl.minigames.MiniGameService, class com.almasb.fxgl.net.NetService, class com.almasb.fxgl.app.services.UpdaterService, class com.almasb.fxgl.dev.DevService]
02:36:15.879 [FXGL Background Thread 3 ] DEBUG Engine               - fontGame: Abel-Regular.ttf
02:36:15.880 [FXGL Background Thread 3 ] DEBUG Engine               - fontMono: TerminalLandMono-Regular.otf
02:36:15.880 [FXGL Background Thread 3 ] DEBUG Engine               - fontSizeScaleUI: 1.0
02:36:15.880 [FXGL Background Thread 3 ] DEBUG Engine               - fontText: Courier-Prime.ttf
02:36:15.880 [FXGL Background Thread 3 ] DEBUG Engine               - fontUI: VarelaRound-Regular.ttf
02:36:15.880 [FXGL Background Thread 3 ] DEBUG Engine               - fullScreen: BooleanProperty [value: false]
02:36:15.880 [FXGL Background Thread 3 ] DEBUG Engine               - gameDifficulty: MEDIUM
02:36:15.880 [FXGL Background Thread 3 ] DEBUG Engine               - gameDifficultyProperty: ObjectProperty [value: MEDIUM]
02:36:15.880 [FXGL Background Thread 3 ] DEBUG Engine               - globalMusicVolume: 0.5
02:36:15.880 [FXGL Background Thread 3 ] DEBUG Engine               - globalMusicVolumeProperty: DoubleProperty [value: 0.5]
02:36:15.881 [FXGL Background Thread 3 ] DEBUG Engine               - globalSoundVolume: 0.5
02:36:15.881 [FXGL Background Thread 3 ] DEBUG Engine               - globalSoundVolumeProperty: DoubleProperty [value: 0.5]
02:36:15.882 [FXGL Background Thread 3 ] DEBUG Engine               - height: 300
02:36:15.882 [FXGL Background Thread 3 ] DEBUG Engine               - is3D: false
02:36:15.882 [FXGL Background Thread 3 ] DEBUG Engine               - isAndroid: false
02:36:15.882 [FXGL Background Thread 3 ] DEBUG Engine               - isBrowser: false
02:36:15.882 [FXGL Background Thread 3 ] DEBUG Engine               - isClickFeedbackEnabled: false
02:36:15.883 [FXGL Background Thread 3 ] DEBUG Engine               - isCloseConfirmation: false
02:36:15.883 [FXGL Background Thread 3 ] DEBUG Engine               - isDesktop: true
02:36:15.883 [FXGL Background Thread 3 ] DEBUG Engine               - isDeveloperMenuEnabled: false
02:36:15.884 [FXGL Background Thread 3 ] DEBUG Engine               - isEmbedded: false
02:36:15.884 [FXGL Background Thread 3 ] DEBUG Engine               - isEntityPreloadEnabled: true
02:36:15.884 [FXGL Background Thread 3 ] DEBUG Engine               - isExperimentalTiledLargeMap: false
02:36:15.884 [FXGL Background Thread 3 ] DEBUG Engine               - isFileSystemWriteAllowed: true
02:36:15.884 [FXGL Background Thread 3 ] DEBUG Engine               - isFullScreenAllowed: false
02:36:15.884 [FXGL Background Thread 3 ] DEBUG Engine               - isFullScreenFromStart: false
02:36:15.885 [FXGL Background Thread 3 ] DEBUG Engine               - isGameMenuEnabled: true
02:36:15.885 [FXGL Background Thread 3 ] DEBUG Engine               - isIOS: false
02:36:15.885 [FXGL Background Thread 3 ] DEBUG Engine               - isIntroEnabled: false
02:36:15.885 [FXGL Background Thread 3 ] DEBUG Engine               - isLinux: true
02:36:15.885 [FXGL Background Thread 3 ] DEBUG Engine               - isMac: false
02:36:15.885 [FXGL Background Thread 3 ] DEBUG Engine               - isMainMenuEnabled: false
02:36:15.885 [FXGL Background Thread 3 ] DEBUG Engine               - isManualResizeEnabled: false
02:36:15.886 [FXGL Background Thread 3 ] DEBUG Engine               - isMobile: false
02:36:15.886 [FXGL Background Thread 3 ] DEBUG Engine               - isNative: false
02:36:15.886 [FXGL Background Thread 3 ] DEBUG Engine               - isPauseMusicWhenMinimized: true
02:36:15.886 [FXGL Background Thread 3 ] DEBUG Engine               - isPreserveResizeRatio: false
02:36:15.887 [FXGL Background Thread 3 ] DEBUG Engine               - isProfilingEnabled: false
02:36:15.887 [FXGL Background Thread 3 ] DEBUG Engine               - isScaleAffectedOnResize: true
02:36:15.888 [FXGL Background Thread 3 ] DEBUG Engine               - isSingleStep: false
02:36:15.888 [FXGL Background Thread 3 ] DEBUG Engine               - isUserProfileEnabled: false
02:36:15.888 [FXGL Background Thread 3 ] DEBUG Engine               - isWindows: false
02:36:15.888 [FXGL Background Thread 3 ] DEBUG Engine               - language: ObjectProperty [value: ENGLISH]
02:36:15.888 [FXGL Background Thread 3 ] DEBUG Engine               - menuKey: ESCAPE
02:36:15.889 [FXGL Background Thread 3 ] DEBUG Engine               - mouseSensitivity: 0.2
02:36:15.889 [FXGL Background Thread 3 ] DEBUG Engine               - notificationViewClass: class com.almasb.fxgl.notification.view.XboxNotificationView
02:36:15.889 [FXGL Background Thread 3 ] DEBUG Engine               - pixelsPerMeter: 50.0
02:36:15.889 [FXGL Background Thread 3 ] DEBUG Engine               - platform: LINUX
02:36:15.889 [FXGL Background Thread 3 ] DEBUG Engine               - prefHeightProperty: ReadOnlyDoubleProperty [value: 300.0]
02:36:15.889 [FXGL Background Thread 3 ] DEBUG Engine               - prefWidthProperty: ReadOnlyDoubleProperty [value: 400.0]
02:36:15.889 [FXGL Background Thread 3 ] DEBUG Engine               - profileDir: profiles/
02:36:15.889 [FXGL Background Thread 3 ] DEBUG Engine               - profileName: StringProperty [value: DEFAULT]
02:36:15.889 [FXGL Background Thread 3 ] DEBUG Engine               - randomSeed: -1
02:36:15.893 [FXGL Background Thread 3 ] DEBUG Engine               - runtimeInfo: RuntimeInfo(platform=LINUX, version=21.1, build=27.03.2024 07.52)
02:36:15.893 [FXGL Background Thread 3 ] DEBUG Engine               - saveFileExt: sav
02:36:15.893 [FXGL Background Thread 3 ] DEBUG Engine               - scaledHeightProp$fxgl: DoubleProperty [bound, value: 362.0]
02:36:15.893 [FXGL Background Thread 3 ] DEBUG Engine               - scaledWidthProp$fxgl: DoubleProperty [bound, value: 476.0]
02:36:15.894 [FXGL Background Thread 3 ] DEBUG Engine               - sceneFactory: com.almasb.fxgl.app.scene.SceneFactory@59f040c
02:36:15.894 [FXGL Background Thread 3 ] DEBUG Engine               - secondsIn24h: 60
02:36:15.894 [FXGL Background Thread 3 ] DEBUG Engine               - soundMenuBack: menu/back.wav
02:36:15.894 [FXGL Background Thread 3 ] DEBUG Engine               - soundMenuPress: menu/press.wav
02:36:15.894 [FXGL Background Thread 3 ] DEBUG Engine               - soundMenuSelect: menu/select.wav
02:36:15.894 [FXGL Background Thread 3 ] DEBUG Engine               - soundNotification: core/notification.wav
02:36:15.894 [FXGL Background Thread 3 ] DEBUG Engine               - stageStyle: DECORATED
02:36:15.894 [FXGL Background Thread 3 ] DEBUG Engine               - supportedLanguages: [ENGLISH, FRENCH, GERMAN, HUNGARIAN, RUSSIAN]
02:36:15.894 [FXGL Background Thread 3 ] DEBUG Engine               - ticksPerSecond: -1
02:36:15.895 [FXGL Background Thread 3 ] DEBUG Engine               - title: SoundSpecApp
02:36:15.895 [FXGL Background Thread 3 ] DEBUG Engine               - urlGithub: https://github.com/AlmasB/FXGL
02:36:15.895 [FXGL Background Thread 3 ] DEBUG Engine               - urlLeaderboard: http://fxgl-top.herokuapp.com/
02:36:15.895 [FXGL Background Thread 3 ] DEBUG Engine               - urlPOM: https://raw.githubusercontent.com/AlmasB/FXGL/release/README.md
02:36:15.895 [FXGL Background Thread 3 ] DEBUG Engine               - userAppClass: class com.komahito.app.SoundSpecApp
02:36:15.895 [FXGL Background Thread 3 ] DEBUG Engine               - version: 0.0
02:36:15.895 [FXGL Background Thread 3 ] DEBUG Engine               - versionCheckDays: 7
02:36:15.895 [FXGL Background Thread 3 ] DEBUG Engine               - width: 400
02:36:15.896 [FXGL Background Thread 3 ] DEBUG Engine               - Logging services
02:36:15.896 [FXGL Background Thread 3 ] DEBUG Engine               - class com.almasb.fxgl.app.services.FXGLAssetLoaderService
02:36:15.896 [FXGL Background Thread 3 ] DEBUG Engine               - class com.almasb.fxgl.app.FXGLApplication$GameApplicationService
02:36:15.896 [FXGL Background Thread 3 ] DEBUG Engine               - class com.almasb.fxgl.app.services.FXGLDialogService
02:36:15.896 [FXGL Background Thread 3 ] DEBUG Engine               - class com.almasb.fxgl.app.services.IOTaskExecutorService
02:36:15.896 [FXGL Background Thread 3 ] DEBUG Engine               - class com.almasb.fxgl.io.FileSystemService
02:36:15.896 [FXGL Background Thread 3 ] DEBUG Engine               - class com.almasb.fxgl.localization.LocalizationService
02:36:15.896 [FXGL Background Thread 3 ] DEBUG Engine               - class com.almasb.fxgl.app.services.SystemBundleService
02:36:15.896 [FXGL Background Thread 3 ] DEBUG Engine               - class com.almasb.fxgl.profile.SaveLoadService
02:36:15.896 [FXGL Background Thread 3 ] DEBUG Engine               - class com.almasb.fxgl.ui.FXGLUIFactoryServiceProvider
02:36:15.897 [FXGL Background Thread 3 ] DEBUG Engine               - class com.almasb.fxgl.ui.FXGLDialogFactoryServiceProvider
02:36:15.897 [FXGL Background Thread 3 ] DEBUG Engine               - class com.almasb.fxgl.audio.AudioPlayer
02:36:15.897 [FXGL Background Thread 3 ] DEBUG Engine               - class com.almasb.fxgl.notification.impl.NotificationServiceProvider
02:36:15.897 [FXGL Background Thread 3 ] DEBUG Engine               - class com.almasb.fxgl.achievement.AchievementService
02:36:15.897 [FXGL Background Thread 3 ] DEBUG Engine               - class com.almasb.fxgl.cutscene.CutsceneService
02:36:15.897 [FXGL Background Thread 3 ] DEBUG Engine               - class com.almasb.fxgl.minigames.MiniGameService
02:36:15.897 [FXGL Background Thread 3 ] DEBUG Engine               - class com.almasb.fxgl.net.NetService
02:36:15.897 [FXGL Background Thread 3 ] DEBUG Engine               - class com.almasb.fxgl.app.services.UpdaterService
02:36:15.897 [FXGL Background Thread 3 ] DEBUG Engine               - class com.almasb.fxgl.dev.DevService
02:36:55.699 [JavaFX Application Thread] DEBUG FXGLApplication      - Exiting FXGL
02:36:55.700 [JavaFX Application Thread] DEBUG LoopRunner           - Stopping loop
02:36:55.700 [JavaFX Application Thread] DEBUG SystemBundleService  - Saving FXGL system data
02:36:55.703 [JavaFX Application Thread] DEBUG FileSystemAccess     - Writing to: /home/hitoha/AirDancer/airDancer/airdancer/system/fxgl.bundle
02:36:55.708 [JavaFX Application Thread] DEBUG Async                - Shutting down background threads
02:36:55.708 [JavaFX Application Thread] DEBUG PrimaryStageWindow   - Closing main window
02:36:55.710 [JavaFX Application Thread] DEBUG Logger               - Closing Logger
