02:34:54.506 [main                     ] DEBUG Logger               - Configured Logger
02:34:54.558 [main                     ] DEBUG GameApplication      - Logging settings
Title: SoundSpecApp
Version: 0.0
Width: 400
Height: 300
Fullscreen: false
Intro: false
Profiling: false
Single step:false
App Mode: DEVELOPER
Menu Key: ESCAPE
Stage Style: DECORATED
Scene Factory: class com.almasb.fxgl.app.scene.SceneFactory

02:34:55.112 [JavaFX Application Thread] DEBUG FXGLApplication      - Initializing FXGL
02:34:55.120 [JavaFX Application Thread] INFO  Engine               - FXGL-21.1 (27.03.2024 07.52) on LINUX (J:21.0.11 FX:21)
02:34:55.121 [JavaFX Application Thread] DEBUG Engine               - JRE Vendor Name: Ubuntu
02:34:55.121 [JavaFX Application Thread] DEBUG Engine               - Running on OS: Linux version 6.18.33.2-microsoft-standard-WSL2
02:34:55.122 [JavaFX Application Thread] DEBUG Engine               - Architecture: amd64
02:34:55.122 [JavaFX Application Thread] INFO  Engine               - Source code and latest versions at: https://github.com/AlmasB/FXGL
02:34:55.122 [JavaFX Application Thread] INFO  Engine               -       Ask questions and discuss at: https://github.com/AlmasB/FXGL/discussions
02:34:55.125 [JavaFX Application Thread] INFO  Engine               -              Join the FXGL chat at: https://gitter.im/AlmasB/FXGL
02:34:55.234 [JavaFX Application Thread] DEBUG PrimaryStageWindow   - Creating a JavaFX scene
02:34:55.304 [JavaFX Application Thread] DEBUG PrimaryStageWindow   - Target settings size: 400.0 x 300.0
02:34:55.305 [JavaFX Application Thread] DEBUG PrimaryStageWindow   - Scaled scene size:    400.0 x 300.0
02:34:55.305 [JavaFX Application Thread] DEBUG PrimaryStageWindow   - Scaled ratio: (1.0, 1.0)
02:34:55.307 [JavaFX Application Thread] DEBUG PrimaryStageWindow   - Set initial scene to FXGLStartupScene
02:34:55.310 [JavaFX Application Thread] DEBUG PrimaryStageWindow   - Opening main window
02:34:55.391 [JavaFX Application Thread] DEBUG PrimaryStageWindow   - Window border size: (0.0, 35.0)
02:34:55.391 [JavaFX Application Thread] DEBUG PrimaryStageWindow   - Scaled size: 400.0 x 265.0
02:34:55.392 [JavaFX Application Thread] DEBUG PrimaryStageWindow   - Scaled ratio: (1.0, 0.8833333333333333)
02:34:55.392 [JavaFX Application Thread] DEBUG PrimaryStageWindow   - Scene size: 400.0 x 300.0
02:34:55.392 [JavaFX Application Thread] DEBUG PrimaryStageWindow   - Stage size: 400.0 x 300.0
02:34:55.401 [FXGL Background Thread 1 ] DEBUG Engine               - Initializing environment variables
02:34:55.509 [FXGL Background Thread 1 ] DEBUG FXGLAssetLoaderServi - User app class for loading assets: class com.komahito.app.SoundSpecApp
02:34:55.509 [FXGL Background Thread 1 ] DEBUG GameApplicationServi - Applying CSS: fxgl_dark.css
02:34:55.510 [FXGL Background Thread 1 ] DEBUG FXGLAssetLoaderServi - Loading from file system: jar:file:///home/hitoha/.m2/repository/com/github/almasb/fxgl/21.1/fxgl-21.1.jar!/fxglassets/ui/css/fxgl_dark.css
02:34:55.587 [FXGL Background Thread 1 ] DEBUG GameApplicationServi - Initializing application scenes
02:34:55.638 [FXGL Background Thread 1 ] DEBUG GameWorld            - Game world initialized
02:34:55.721 [FXGL Background Thread 1 ] DEBUG PhysicsWorld         - Physics world initialized: appHeight=300, physics.ppm=50.0
02:34:55.722 [FXGL Background Thread 1 ] DEBUG PhysicsWorld         - Using strategy: BRUTE_FORCE
02:34:55.728 [FXGL Background Thread 1 ] DEBUG GameScene            - Game scene initialized: 400x300
02:34:55.740 [FXGL Background Thread 1 ] WARN  FXGL.DefaultMenu     - FXGLDefaultMenu is not designed for resolutions < 800x600
02:34:55.741 [FXGL Background Thread 1 ] DEBUG FXGL.DefaultMenu     - createMenuBodyGameMenu()
02:34:55.759 [FXGL Background Thread 1 ] DEBUG FXGL.DefaultMenu     - createOptionsMenu()
02:34:55.774 [FXGL Background Thread 1 ] DEBUG FXGLAssetLoaderServi - Loading from file system: jar:file:///home/hitoha/.m2/repository/com/github/almasb/fxgl/21.1/fxgl-21.1.jar!/fxglassets/textures/particles/smoke.png
02:34:55.897 [FXGL Background Thread 1 ] DEBUG FXGLAssetLoaderServi - Loading from file system: jar:file:///home/hitoha/.m2/repository/com/github/almasb/fxgl/21.1/fxgl-21.1.jar!/fxglassets/textures/particles/trace_horizontal.png
02:34:55.944 [FXGL Background Thread 1 ] DEBUG GameApplicationServi - Application scenes initialized
02:34:55.967 [FXGL Background Thread 1 ] DEBUG SystemBundleService  - Loading FXGL system data
02:34:55.971 [FXGL Background Thread 1 ] DEBUG FileSystemAccess     - Reading from: /home/hitoha/AirDancer/airDancer/airdancer/system/fxgl.bundle
02:34:55.986 [FXGL Background Thread 1 ] DEBUG SystemBundleService  - Bundle FXGL: {}
02:34:55.986 [FXGL Background Thread 1 ] DEBUG UpdaterService       - Checking for updates
02:34:55.992 [FXGL Background Thread 4 ] DEBUG FXGLApplication      - Loading fonts
02:34:55.993 [FXGL Background Thread 4 ] DEBUG FXGLAssetLoaderServi - Loading from file system: jar:file:///home/hitoha/.m2/repository/com/github/almasb/fxgl/21.1/fxgl-21.1.jar!/fxglassets/ui/fonts/VarelaRound-Regular.ttf
02:34:55.994 [FXGL Background Thread 1 ] DEBUG FXGLApplication      - Loading default localization
02:34:55.995 [FXGL Background Thread 1 ] DEBUG FXGLAssetLoaderServi - Loading from file system: jar:file:///home/hitoha/.m2/repository/com/github/almasb/fxgl/21.1/fxgl-21.1.jar!/fxglassets/languages/english.lang
02:34:56.005 [FXGL Background Thread 4 ] DEBUG FXGLAssetLoaderServi - Loading from file system: jar:file:///home/hitoha/.m2/repository/com/github/almasb/fxgl/21.1/fxgl-21.1.jar!/fxglassets/ui/fonts/Abel-Regular.ttf
02:34:56.007 [FXGL Background Thread 4 ] DEBUG FXGLAssetLoaderServi - Loading from file system: jar:file:///home/hitoha/.m2/repository/com/github/almasb/fxgl/21.1/fxgl-21.1.jar!/fxglassets/ui/fonts/TerminalLandMono-Regular.otf
02:34:56.011 [FXGL Background Thread 4 ] DEBUG FXGLAssetLoaderServi - Loading from file system: jar:file:///home/hitoha/.m2/repository/com/github/almasb/fxgl/21.1/fxgl-21.1.jar!/fxglassets/ui/fonts/Courier-Prime.ttf
02:34:56.018 [JavaFX Application Thread] DEBUG FXGLApplication      - Registering font factories with UI factory
02:34:56.022 [FXGL Background Thread 1 ] INFO  FXGLApplication      - FXGL initialization took: 0.621 sec
02:34:56.024 [JavaFX Application Thread] DEBUG FXGLAssetLoaderServi - Loading from file system: jar:file:///home/hitoha/.m2/repository/com/github/almasb/fxgl/21.1/fxgl-21.1.jar!/fxglassets/textures/fxgl_icon.png
02:34:56.057 [JavaFX Application Thread] DEBUG FXGLAssetLoaderServi - Loading from file system: jar:file:///home/hitoha/.m2/repository/com/github/almasb/fxgl/21.1/fxgl-21.1.jar!/fxglassets/textures/fxgl_default_cursor.png
02:34:56.070 [JavaFX Application Thread] DEBUG Input                - Registered new binding: Screenshot - CTRL+8
02:34:56.071 [JavaFX Application Thread] DEBUG Input                - Registered new binding: System info dump - CTRL+9
02:34:56.072 [JavaFX Application Thread] DEBUG Input                - Registered new binding: Restart - CTRL+R
02:34:56.072 [JavaFX Application Thread] DEBUG Input                - Registered new binding: Toggle Debug Camera - CTRL+7
02:34:56.075 [JavaFX Application Thread] DEBUG LoopRunner           - Starting loop
02:34:56.075 [JavaFX Application Thread] DEBUG LoopRunner           - Initializing JavaFX AnimationTimerLoop
02:34:56.076 [JavaFX Application Thread] DEBUG GameApplicationServi - Starting new game
02:34:56.077 [JavaFX Application Thread] DEBUG Input                - Clearing active input actions
02:34:56.100 [JavaFX Application Thread] DEBUG GameApplicationServi - Removing overlay from FXGLStartupScene and adding to FXGLLoadingScene
02:34:56.101 [JavaFX Application Thread] DEBUG PrimaryStageWindow   - FXGLStartupScene -> FXGLLoadingScene
02:34:56.101 [JavaFX Application Thread] DEBUG GameApplicationServi - Clearing previous game
02:34:56.102 [JavaFX Application Thread] DEBUG GameScene            - Clearing game scene
02:34:56.102 [JavaFX Application Thread] DEBUG GameWorld            - Clearing game world
02:34:56.103 [JavaFX Application Thread] DEBUG PhysicsWorld         - Clearing physics world
02:34:56.105 [FXGL Background Thread 1 ] DEBUG FXGLApplication      - Initializing game
02:34:56.188 [JavaFX Application Thread] DEBUG LoopRunner           - Stopping loop
02:34:56.191 [JavaFX Application Thread] FATAL FXGLApplication      - Uncaught Exception:
java.lang.RuntimeException: Initialization failed
	at com.almasb.fxgl.all@21.1/com.almasb.fxgl.app.FXGLApplication$InitAppTask.failed(FXGLApplication.kt:347)
	at javafx.graphics@21/javafx.concurrent.Task.setState(Task.java:710)
	at javafx.graphics@21/javafx.concurrent.Task$TaskCallable.lambda$call$2(Task.java:1429)
	at javafx.graphics@21/com.sun.javafx.application.PlatformImpl.lambda$runLater$10(PlatformImpl.java:456)
	at java.base/java.security.AccessController.doPrivileged(AccessController.java:400)
	at javafx.graphics@21/com.sun.javafx.application.PlatformImpl.lambda$runLater$11(PlatformImpl.java:455)
	at javafx.graphics@21/com.sun.glass.ui.InvokeLaterDispatcher$Future.run(InvokeLaterDispatcher.java:95)
	at javafx.graphics@21/com.sun.glass.ui.gtk.GtkApplication._runLoop(Native Method)
	at javafx.graphics@21/com.sun.glass.ui.gtk.GtkApplication.lambda$runLoop$10(GtkApplication.java:263)
	at java.base/java.lang.Thread.run(Thread.java:1583)
Caused by: java.lang.IllegalStateException: This operation is permitted on the event thread only; currentThread = FXGL Background Thread 1
	at javafx.graphics@21/com.sun.glass.ui.Application.checkEventThread(Application.java:447)
	at javafx.graphics@21/com.sun.glass.ui.Window.setLevel(Window.java:845)
	at javafx.graphics@21/com.sun.javafx.tk.quantum.WindowStage.setAlwaysOnTop(WindowStage.java:575)
	at javafx.graphics@21/javafx.stage.Stage.setAlwaysOnTop(Stage.java:869)
	at airdancer@1.0-SNAPSHOT/com.komahito.app.SoundSpecApp.initGame(SoundSpecApp.java:67)
	at com.almasb.fxgl.all@21.1/com.almasb.fxgl.app.FXGLApplication$InitAppTask.initGame(FXGLApplication.kt:343)
	at com.almasb.fxgl.all@21.1/com.almasb.fxgl.app.FXGLApplication$InitAppTask.call(FXGLApplication.kt:321)
	at com.almasb.fxgl.all@21.1/com.almasb.fxgl.app.FXGLApplication$InitAppTask.call(FXGLApplication.kt:313)
	at javafx.graphics@21/javafx.concurrent.Task$TaskCallable.call(Task.java:1399)
	at java.base/java.util.concurrent.FutureTask.run(FutureTask.java:317)
	at java.base/java.util.concurrent.Executors$RunnableAdapter.call(Executors.java:572)
	at java.base/java.util.concurrent.FutureTask.run(FutureTask.java:317)
	at java.base/java.util.concurrent.ThreadPoolExecutor.runWorker(ThreadPoolExecutor.java:1144)
	at java.base/java.util.concurrent.ThreadPoolExecutor$Worker.run(ThreadPoolExecutor.java:642)
	... 1 more

02:34:56.192 [JavaFX Application Thread] FATAL FXGLApplication      - Application will now exit
02:34:56.240 [JavaFX Application Thread] DEBUG PrimaryStageWindow   - Push state: ErrorSubScene
02:34:56.241 [JavaFX Application Thread] DEBUG Input                - Clearing active input actions
02:34:56.250 [JavaFX Application Thread] DEBUG GameApplicationServi - Removing overlay from FXGLLoadingScene and adding to ErrorSubScene
02:34:56.251 [JavaFX Application Thread] DEBUG PrimaryStageWindow   - FXGLLoadingScene -> ErrorSubScene
02:34:56.653 [FXGL Background Thread 2 ] INFO  UpdaterService       - Your current version:  21.1
02:34:56.653 [FXGL Background Thread 2 ] INFO  UpdaterService       - Latest stable version: 25
02:34:57.679 [JavaFX Application Thread] DEBUG FXGLApplication      - Exiting FXGL
02:34:57.680 [JavaFX Application Thread] DEBUG Async                - Shutting down background threads
02:34:57.680 [JavaFX Application Thread] DEBUG PrimaryStageWindow   - Closing main window
02:34:57.683 [JavaFX Application Thread] DEBUG Logger               - Closing Logger
