02:34:29.721 [main                     ] DEBUG Logger               - Configured Logger
02:34:29.773 [main                     ] DEBUG GameApplication      - Logging settings
Title: SoundSpecApp
Version: 0.0
Width: 400
Height: 300
Fullscreen: false
Intro: false
Profiling: false
Single step:false
App Mode: DEVELOPER
Menu Key: ESCAPE
Stage Style: DECORATED
Scene Factory: class com.almasb.fxgl.app.scene.SceneFactory

02:34:30.817 [JavaFX Application Thread] DEBUG FXGLApplication      - Initializing FXGL
02:34:30.825 [JavaFX Application Thread] INFO  Engine               - FXGL-21.1 (27.03.2024 07.52) on LINUX (J:21.0.11 FX:21)
02:34:30.826 [JavaFX Application Thread] DEBUG Engine               - JRE Vendor Name: Ubuntu
02:34:30.826 [JavaFX Application Thread] DEBUG Engine               - Running on OS: Linux version 6.18.33.2-microsoft-standard-WSL2
02:34:30.827 [JavaFX Application Thread] DEBUG Engine               - Architecture: amd64
02:34:30.827 [JavaFX Application Thread] INFO  Engine               - Source code and latest versions at: https://github.com/AlmasB/FXGL
02:34:30.827 [JavaFX Application Thread] INFO  Engine               -       Ask questions and discuss at: https://github.com/AlmasB/FXGL/discussions
02:34:30.828 [JavaFX Application Thread] INFO  Engine               -              Join the FXGL chat at: https://gitter.im/AlmasB/FXGL
02:34:30.952 [JavaFX Application Thread] DEBUG PrimaryStageWindow   - Creating a JavaFX scene
02:34:31.053 [JavaFX Application Thread] DEBUG PrimaryStageWindow   - Target settings size: 400.0 x 300.0
02:34:31.054 [JavaFX Application Thread] DEBUG PrimaryStageWindow   - Scaled scene size:    400.0 x 300.0
02:34:31.055 [JavaFX Application Thread] DEBUG PrimaryStageWindow   - Scaled ratio: (1.0, 1.0)
02:34:31.056 [JavaFX Application Thread] DEBUG PrimaryStageWindow   - Set initial scene to FXGLStartupScene
02:34:31.060 [JavaFX Application Thread] DEBUG PrimaryStageWindow   - Opening main window
02:34:31.154 [JavaFX Application Thread] DEBUG PrimaryStageWindow   - Window border size: (0.0, 35.0)
02:34:31.154 [JavaFX Application Thread] DEBUG PrimaryStageWindow   - Scaled size: 400.0 x 265.0
02:34:31.155 [JavaFX Application Thread] DEBUG PrimaryStageWindow   - Scaled ratio: (1.0, 0.8833333333333333)
02:34:31.155 [JavaFX Application Thread] DEBUG PrimaryStageWindow   - Scene size: 400.0 x 300.0
02:34:31.156 [JavaFX Application Thread] DEBUG PrimaryStageWindow   - Stage size: 400.0 x 300.0
02:34:31.164 [FXGL Background Thread 1 ] DEBUG Engine               - Initializing environment variables
02:34:31.269 [FXGL Background Thread 1 ] DEBUG FXGLAssetLoaderServi - User app class for loading assets: class com.komahito.app.SoundSpecApp
02:34:31.270 [FXGL Background Thread 1 ] DEBUG GameApplicationServi - Applying CSS: fxgl_dark.css
02:34:31.271 [FXGL Background Thread 1 ] DEBUG FXGLAssetLoaderServi - Loading from file system: jar:file:///home/hitoha/.m2/repository/com/github/almasb/fxgl/21.1/fxgl-21.1.jar!/fxglassets/ui/css/fxgl_dark.css
02:34:31.352 [FXGL Background Thread 1 ] DEBUG GameApplicationServi - Initializing application scenes
02:34:31.415 [FXGL Background Thread 1 ] DEBUG GameWorld            - Game world initialized
02:34:31.506 [FXGL Background Thread 1 ] DEBUG PhysicsWorld         - Physics world initialized: appHeight=300, physics.ppm=50.0
02:34:31.507 [FXGL Background Thread 1 ] DEBUG PhysicsWorld         - Using strategy: BRUTE_FORCE
02:34:31.513 [FXGL Background Thread 1 ] DEBUG GameScene            - Game scene initialized: 400x300
02:34:31.528 [FXGL Background Thread 1 ] WARN  FXGL.DefaultMenu     - FXGLDefaultMenu is not designed for resolutions < 800x600
02:34:31.528 [FXGL Background Thread 1 ] DEBUG FXGL.DefaultMenu     - createMenuBodyGameMenu()
02:34:31.552 [FXGL Background Thread 1 ] DEBUG FXGL.DefaultMenu     - createOptionsMenu()
02:34:31.568 [FXGL Background Thread 1 ] DEBUG FXGLAssetLoaderServi - Loading from file system: jar:file:///home/hitoha/.m2/repository/com/github/almasb/fxgl/21.1/fxgl-21.1.jar!/fxglassets/textures/particles/smoke.png
02:34:31.691 [FXGL Background Thread 1 ] DEBUG FXGLAssetLoaderServi - Loading from file system: jar:file:///home/hitoha/.m2/repository/com/github/almasb/fxgl/21.1/fxgl-21.1.jar!/fxglassets/textures/particles/trace_horizontal.png
02:34:31.741 [FXGL Background Thread 1 ] DEBUG GameApplicationServi - Application scenes initialized
02:34:31.761 [FXGL Background Thread 1 ] DEBUG SystemBundleService  - Loading FXGL system data
02:34:31.767 [FXGL Background Thread 1 ] DEBUG FileSystemAccess     - Reading from: /home/hitoha/AirDancer/airDancer/airdancer/system/fxgl.bundle
02:34:31.781 [FXGL Background Thread 1 ] DEBUG SystemBundleService  - Bundle FXGL: {}
02:34:31.782 [FXGL Background Thread 1 ] DEBUG UpdaterService       - Checking for updates
02:34:31.787 [FXGL Background Thread 4 ] DEBUG FXGLApplication      - Loading fonts
02:34:31.787 [FXGL Background Thread 1 ] DEBUG FXGLApplication      - Loading default localization
02:34:31.788 [FXGL Background Thread 4 ] DEBUG FXGLAssetLoaderServi - Loading from file system: jar:file:///home/hitoha/.m2/repository/com/github/almasb/fxgl/21.1/fxgl-21.1.jar!/fxglassets/ui/fonts/VarelaRound-Regular.ttf
02:34:31.789 [FXGL Background Thread 1 ] DEBUG FXGLAssetLoaderServi - Loading from file system: jar:file:///home/hitoha/.m2/repository/com/github/almasb/fxgl/21.1/fxgl-21.1.jar!/fxglassets/languages/english.lang
02:34:31.815 [FXGL Background Thread 4 ] DEBUG FXGLAssetLoaderServi - Loading from file system: jar:file:///home/hitoha/.m2/repository/com/github/almasb/fxgl/21.1/fxgl-21.1.jar!/fxglassets/ui/fonts/Abel-Regular.ttf
02:34:31.817 [FXGL Background Thread 1 ] INFO  FXGLApplication      - FXGL initialization took: 0.653 sec
02:34:31.817 [FXGL Background Thread 4 ] DEBUG FXGLAssetLoaderServi - Loading from file system: jar:file:///home/hitoha/.m2/repository/com/github/almasb/fxgl/21.1/fxgl-21.1.jar!/fxglassets/ui/fonts/TerminalLandMono-Regular.otf
02:34:31.818 [JavaFX Application Thread] DEBUG FXGLAssetLoaderServi - Loading from file system: jar:file:///home/hitoha/.m2/repository/com/github/almasb/fxgl/21.1/fxgl-21.1.jar!/fxglassets/textures/fxgl_icon.png
02:34:31.820 [FXGL Background Thread 4 ] DEBUG FXGLAssetLoaderServi - Loading from file system: jar:file:///home/hitoha/.m2/repository/com/github/almasb/fxgl/21.1/fxgl-21.1.jar!/fxglassets/ui/fonts/Courier-Prime.ttf
02:34:31.854 [JavaFX Application Thread] DEBUG FXGLAssetLoaderServi - Loading from file system: jar:file:///home/hitoha/.m2/repository/com/github/almasb/fxgl/21.1/fxgl-21.1.jar!/fxglassets/textures/fxgl_default_cursor.png
02:34:31.870 [JavaFX Application Thread] DEBUG Input                - Registered new binding: Screenshot - CTRL+8
02:34:31.870 [JavaFX Application Thread] DEBUG Input                - Registered new binding: System info dump - CTRL+9
02:34:31.872 [JavaFX Application Thread] DEBUG Input                - Registered new binding: Restart - CTRL+R
02:34:31.873 [JavaFX Application Thread] DEBUG Input                - Registered new binding: Toggle Debug Camera - CTRL+7
02:34:31.875 [JavaFX Application Thread] DEBUG LoopRunner           - Starting loop
02:34:31.875 [JavaFX Application Thread] DEBUG LoopRunner           - Initializing JavaFX AnimationTimerLoop
02:34:31.877 [JavaFX Application Thread] DEBUG GameApplicationServi - Starting new game
02:34:31.878 [JavaFX Application Thread] DEBUG Input                - Clearing active input actions
02:34:31.901 [JavaFX Application Thread] DEBUG GameApplicationServi - Removing overlay from FXGLStartupScene and adding to FXGLLoadingScene
02:34:31.903 [JavaFX Application Thread] DEBUG PrimaryStageWindow   - FXGLStartupScene -> FXGLLoadingScene
02:34:31.903 [JavaFX Application Thread] DEBUG GameApplicationServi - Clearing previous game
02:34:31.903 [JavaFX Application Thread] DEBUG GameScene            - Clearing game scene
02:34:31.904 [JavaFX Application Thread] DEBUG GameWorld            - Clearing game world
02:34:31.904 [JavaFX Application Thread] DEBUG PhysicsWorld         - Clearing physics world
02:34:31.907 [FXGL Background Thread 4 ] DEBUG FXGLApplication      - Initializing game
02:34:31.911 [JavaFX Application Thread] DEBUG FXGLApplication      - Registering font factories with UI factory
02:34:32.977 [FXGL Background Thread 2 ] INFO  UpdaterService       - Your current version:  21.1
02:34:32.978 [FXGL Background Thread 2 ] INFO  UpdaterService       - Latest stable version: 25
02:34:33.390 [JavaFX Application Thread] DEBUG LoopRunner           - Stopping loop
02:34:33.393 [JavaFX Application Thread] FATAL FXGLApplication      - Uncaught Exception:
java.lang.RuntimeException: Initialization failed
	at com.almasb.fxgl.all@21.1/com.almasb.fxgl.app.FXGLApplication$InitAppTask.failed(FXGLApplication.kt:347)
	at javafx.graphics@21/javafx.concurrent.Task.setState(Task.java:710)
	at javafx.graphics@21/javafx.concurrent.Task$TaskCallable.lambda$call$2(Task.java:1429)
	at javafx.graphics@21/com.sun.javafx.application.PlatformImpl.lambda$runLater$10(PlatformImpl.java:456)
	at java.base/java.security.AccessController.doPrivileged(AccessController.java:400)
	at javafx.graphics@21/com.sun.javafx.application.PlatformImpl.lambda$runLater$11(PlatformImpl.java:455)
	at javafx.graphics@21/com.sun.glass.ui.InvokeLaterDispatcher$Future.run(InvokeLaterDispatcher.java:95)
	at javafx.graphics@21/com.sun.glass.ui.gtk.GtkApplication._runLoop(Native Method)
	at javafx.graphics@21/com.sun.glass.ui.gtk.GtkApplication.lambda$runLoop$10(GtkApplication.java:263)
	at java.base/java.lang.Thread.run(Thread.java:1583)
Caused by: java.lang.IllegalStateException: This operation is permitted on the event thread only; currentThread = FXGL Background Thread 4
	at javafx.graphics@21/com.sun.glass.ui.Application.checkEventThread(Application.java:447)
	at javafx.graphics@21/com.sun.glass.ui.Window.setLevel(Window.java:845)
	at javafx.graphics@21/com.sun.javafx.tk.quantum.WindowStage.setAlwaysOnTop(WindowStage.java:575)
	at javafx.graphics@21/javafx.stage.Stage.setAlwaysOnTop(Stage.java:869)
	at airdancer@1.0-SNAPSHOT/com.komahito.app.SoundSpecApp.initUI(SoundSpecApp.java:56)
	at com.almasb.fxgl.all@21.1/com.almasb.fxgl.app.FXGLApplication$InitAppTask.call(FXGLApplication.kt:323)
	at com.almasb.fxgl.all@21.1/com.almasb.fxgl.app.FXGLApplication$InitAppTask.call(FXGLApplication.kt:313)
	at javafx.graphics@21/javafx.concurrent.Task$TaskCallable.call(Task.java:1399)
	at java.base/java.util.concurrent.FutureTask.run(FutureTask.java:317)
	at java.base/java.util.concurrent.Executors$RunnableAdapter.call(Executors.java:572)
	at java.base/java.util.concurrent.FutureTask.run(FutureTask.java:317)
	at java.base/java.util.concurrent.ThreadPoolExecutor.runWorker(ThreadPoolExecutor.java:1144)
	at java.base/java.util.concurrent.ThreadPoolExecutor$Worker.run(ThreadPoolExecutor.java:642)
	... 1 more

02:34:33.393 [JavaFX Application Thread] FATAL FXGLApplication      - Application will now exit
02:34:33.424 [JavaFX Application Thread] DEBUG PrimaryStageWindow   - Push state: ErrorSubScene
02:34:33.424 [JavaFX Application Thread] DEBUG Input                - Clearing active input actions
02:34:33.435 [JavaFX Application Thread] DEBUG GameApplicationServi - Removing overlay from FXGLLoadingScene and adding to ErrorSubScene
02:34:33.436 [JavaFX Application Thread] DEBUG PrimaryStageWindow   - FXGLLoadingScene -> ErrorSubScene
02:34:34.785 [FXGL Background Thread 3 ] DEBUG Engine               - Logging environment variables
02:34:34.786 [FXGL Background Thread 3 ] DEBUG Engine               - achievements: []
02:34:34.787 [FXGL Background Thread 3 ] DEBUG Engine               - actualHeight: 265.0
02:34:34.787 [FXGL Background Thread 3 ] DEBUG Engine               - actualHeightProperty: ReadOnlyDoubleProperty [value: 362.0]
02:34:34.787 [FXGL Background Thread 3 ] DEBUG Engine               - actualWidth: 400.0
02:34:34.787 [FXGL Background Thread 3 ] DEBUG Engine               - actualWidthProperty: ReadOnlyDoubleProperty [value: 476.0]
02:34:34.788 [FXGL Background Thread 3 ] DEBUG Engine               - appIcon: fxgl_icon.png
02:34:34.788 [FXGL Background Thread 3 ] DEBUG Engine               - applicationMode: DEVELOPER
02:34:34.788 [FXGL Background Thread 3 ] DEBUG Engine               - cSSList: [fxgl_dark.css]
02:34:34.788 [FXGL Background Thread 3 ] DEBUG Engine               - collisionDetectionStrategy: BRUTE_FORCE
02:34:34.788 [FXGL Background Thread 3 ] DEBUG Engine               - configClass: Optional.empty
02:34:34.789 [FXGL Background Thread 3 ] DEBUG Engine               - credits: []
02:34:34.790 [FXGL Background Thread 3 ] DEBUG Engine               - defaultCursor: CursorInfo(imageName=fxgl_default_cursor.png, hotspotX=7.0, hotspotY=6.0)
02:34:34.790 [FXGL Background Thread 3 ] DEBUG Engine               - devBBoxColorProperty: ObjectProperty [value: 0xff0000ff]
02:34:34.790 [FXGL Background Thread 3 ] DEBUG Engine               - devEnableDebugCameraProperty: BooleanProperty [value: false]
02:34:34.790 [FXGL Background Thread 3 ] DEBUG Engine               - devSensorColorProperty: ObjectProperty [value: 0xffff00ff]
02:34:34.790 [FXGL Background Thread 3 ] DEBUG Engine               - devShowBBoxProperty: BooleanProperty [value: false]
02:34:34.791 [FXGL Background Thread 3 ] DEBUG Engine               - devShowPositionProperty: BooleanProperty [value: false]
02:34:34.791 [FXGL Background Thread 3 ] DEBUG Engine               - enabledMenuItems: []
02:34:34.791 [FXGL Background Thread 3 ] DEBUG Engine               - engineServices: [class com.almasb.fxgl.app.services.FXGLAssetLoaderService, class com.almasb.fxgl.app.FXGLApplication$GameApplicationService, class com.almasb.fxgl.app.services.FXGLDialogService, class com.almasb.fxgl.app.services.IOTaskExecutorService, class com.almasb.fxgl.io.FileSystemService, class com.almasb.fxgl.localization.LocalizationService, class com.almasb.fxgl.app.services.SystemBundleService, class com.almasb.fxgl.profile.SaveLoadService, class com.almasb.fxgl.ui.FXGLUIFactoryServiceProvider, class com.almasb.fxgl.ui.FXGLDialogFactoryServiceProvider, class com.almasb.fxgl.audio.AudioPlayer, class com.almasb.fxgl.notification.impl.NotificationServiceProvider, class com.almasb.fxgl.achievement.AchievementService, class com.almasb.fxgl.cutscene.CutsceneService, class com.almasb.fxgl.minigames.MiniGameService, class com.almasb.fxgl.net.NetService, class com.almasb.fxgl.app.services.UpdaterService, class com.almasb.fxgl.dev.DevService]
02:34:34.791 [FXGL Background Thread 3 ] DEBUG Engine               - fontGame: Abel-Regular.ttf
02:34:34.792 [FXGL Background Thread 3 ] DEBUG Engine               - fontMono: TerminalLandMono-Regular.otf
02:34:34.792 [FXGL Background Thread 3 ] DEBUG Engine               - fontSizeScaleUI: 1.0
02:34:34.792 [FXGL Background Thread 3 ] DEBUG Engine               - fontText: Courier-Prime.ttf
02:34:34.792 [FXGL Background Thread 3 ] DEBUG Engine               - fontUI: VarelaRound-Regular.ttf
02:34:34.792 [FXGL Background Thread 3 ] DEBUG Engine               - fullScreen: BooleanProperty [value: false]
02:34:34.792 [FXGL Background Thread 3 ] DEBUG Engine               - gameDifficulty: MEDIUM
02:34:34.792 [FXGL Background Thread 3 ] DEBUG Engine               - gameDifficultyProperty: ObjectProperty [value: MEDIUM]
02:34:34.792 [FXGL Background Thread 3 ] DEBUG Engine               - globalMusicVolume: 0.5
02:34:34.792 [FXGL Background Thread 3 ] DEBUG Engine               - globalMusicVolumeProperty: DoubleProperty [value: 0.5]
02:34:34.792 [FXGL Background Thread 3 ] DEBUG Engine               - globalSoundVolume: 0.5
02:34:34.792 [FXGL Background Thread 3 ] DEBUG Engine               - globalSoundVolumeProperty: DoubleProperty [value: 0.5]
02:34:34.792 [FXGL Background Thread 3 ] DEBUG Engine               - height: 300
02:34:34.793 [FXGL Background Thread 3 ] DEBUG Engine               - is3D: false
02:34:34.793 [FXGL Background Thread 3 ] DEBUG Engine               - isAndroid: false
02:34:34.793 [FXGL Background Thread 3 ] DEBUG Engine               - isBrowser: false
02:34:34.793 [FXGL Background Thread 3 ] DEBUG Engine               - isClickFeedbackEnabled: false
02:34:34.794 [FXGL Background Thread 3 ] DEBUG Engine               - isCloseConfirmation: false
02:34:34.794 [FXGL Background Thread 3 ] DEBUG Engine               - isDesktop: true
02:34:34.794 [FXGL Background Thread 3 ] DEBUG Engine               - isDeveloperMenuEnabled: false
02:34:34.794 [FXGL Background Thread 3 ] DEBUG Engine               - isEmbedded: false
02:34:34.794 [FXGL Background Thread 3 ] DEBUG Engine               - isEntityPreloadEnabled: true
02:34:34.794 [FXGL Background Thread 3 ] DEBUG Engine               - isExperimentalTiledLargeMap: false
02:34:34.794 [FXGL Background Thread 3 ] DEBUG Engine               - isFileSystemWriteAllowed: true
02:34:34.794 [FXGL Background Thread 3 ] DEBUG Engine               - isFullScreenAllowed: false
02:34:34.794 [FXGL Background Thread 3 ] DEBUG Engine               - isFullScreenFromStart: false
02:34:34.795 [FXGL Background Thread 3 ] DEBUG Engine               - isGameMenuEnabled: true
02:34:34.795 [FXGL Background Thread 3 ] DEBUG Engine               - isIOS: false
02:34:34.795 [FXGL Background Thread 3 ] DEBUG Engine               - isIntroEnabled: false
02:34:34.795 [FXGL Background Thread 3 ] DEBUG Engine               - isLinux: true
02:34:34.795 [FXGL Background Thread 3 ] DEBUG Engine               - isMac: false
02:34:34.795 [FXGL Background Thread 3 ] DEBUG Engine               - isMainMenuEnabled: false
02:34:34.796 [FXGL Background Thread 3 ] DEBUG Engine               - isManualResizeEnabled: false
02:34:34.797 [FXGL Background Thread 3 ] DEBUG Engine               - isMobile: false
02:34:34.797 [FXGL Background Thread 3 ] DEBUG Engine               - isNative: false
02:34:34.797 [FXGL Background Thread 3 ] DEBUG Engine               - isPauseMusicWhenMinimized: true
02:34:34.797 [FXGL Background Thread 3 ] DEBUG Engine               - isPreserveResizeRatio: false
02:34:34.797 [FXGL Background Thread 3 ] DEBUG Engine               - isProfilingEnabled: false
02:34:34.797 [FXGL Background Thread 3 ] DEBUG Engine               - isScaleAffectedOnResize: true
02:34:34.797 [FXGL Background Thread 3 ] DEBUG Engine               - isSingleStep: false
02:34:34.797 [FXGL Background Thread 3 ] DEBUG Engine               - isUserProfileEnabled: false
02:34:34.797 [FXGL Background Thread 3 ] DEBUG Engine               - isWindows: false
02:34:34.797 [FXGL Background Thread 3 ] DEBUG Engine               - language: ObjectProperty [value: ENGLISH]
02:34:34.798 [FXGL Background Thread 3 ] DEBUG Engine               - menuKey: ESCAPE
02:34:34.798 [FXGL Background Thread 3 ] DEBUG Engine               - mouseSensitivity: 0.2
02:34:34.798 [FXGL Background Thread 3 ] DEBUG Engine               - notificationViewClass: class com.almasb.fxgl.notification.view.XboxNotificationView
02:34:34.798 [FXGL Background Thread 3 ] DEBUG Engine               - pixelsPerMeter: 50.0
02:34:34.798 [FXGL Background Thread 3 ] DEBUG Engine               - platform: LINUX
02:34:34.798 [FXGL Background Thread 3 ] DEBUG Engine               - prefHeightProperty: ReadOnlyDoubleProperty [value: 300.0]
02:34:34.798 [FXGL Background Thread 3 ] DEBUG Engine               - prefWidthProperty: ReadOnlyDoubleProperty [value: 400.0]
02:34:34.798 [FXGL Background Thread 3 ] DEBUG Engine               - profileDir: profiles/
02:34:34.798 [FXGL Background Thread 3 ] DEBUG Engine               - profileName: StringProperty [value: DEFAULT]
02:34:34.798 [FXGL Background Thread 3 ] DEBUG Engine               - randomSeed: -1
02:34:34.799 [FXGL Background Thread 3 ] DEBUG Engine               - runtimeInfo: RuntimeInfo(platform=LINUX, version=21.1, build=27.03.2024 07.52)
02:34:34.799 [FXGL Background Thread 3 ] DEBUG Engine               - saveFileExt: sav
02:34:34.799 [FXGL Background Thread 3 ] DEBUG Engine               - scaledHeightProp$fxgl: DoubleProperty [bound, value: 362.0]
02:34:34.799 [FXGL Background Thread 3 ] DEBUG Engine               - scaledWidthProp$fxgl: DoubleProperty [bound, value: 476.0]
02:34:34.799 [FXGL Background Thread 3 ] DEBUG Engine               - sceneFactory: com.almasb.fxgl.app.scene.SceneFactory@924ddae
02:34:34.800 [FXGL Background Thread 3 ] DEBUG Engine               - secondsIn24h: 60
02:34:34.800 [FXGL Background Thread 3 ] DEBUG Engine               - soundMenuBack: menu/back.wav
02:34:34.800 [FXGL Background Thread 3 ] DEBUG Engine               - soundMenuPress: menu/press.wav
02:34:34.800 [FXGL Background Thread 3 ] DEBUG Engine               - soundMenuSelect: menu/select.wav
02:34:34.800 [FXGL Background Thread 3 ] DEBUG Engine               - soundNotification: core/notification.wav
02:34:34.800 [FXGL Background Thread 3 ] DEBUG Engine               - stageStyle: DECORATED
02:34:34.800 [FXGL Background Thread 3 ] DEBUG Engine               - supportedLanguages: [ENGLISH, FRENCH, GERMAN, HUNGARIAN, RUSSIAN]
02:34:34.800 [FXGL Background Thread 3 ] DEBUG Engine               - ticksPerSecond: -1
02:34:34.800 [FXGL Background Thread 3 ] DEBUG Engine               - title: SoundSpecApp
02:34:34.801 [FXGL Background Thread 3 ] DEBUG Engine               - urlGithub: https://github.com/AlmasB/FXGL
02:34:34.801 [FXGL Background Thread 3 ] DEBUG Engine               - urlLeaderboard: http://fxgl-top.herokuapp.com/
02:34:34.801 [FXGL Background Thread 3 ] DEBUG Engine               - urlPOM: https://raw.githubusercontent.com/AlmasB/FXGL/release/README.md
02:34:34.801 [FXGL Background Thread 3 ] DEBUG Engine               - userAppClass: class com.komahito.app.SoundSpecApp
02:34:34.801 [FXGL Background Thread 3 ] DEBUG Engine               - version: 0.0
02:34:34.801 [FXGL Background Thread 3 ] DEBUG Engine               - versionCheckDays: 7
02:34:34.801 [FXGL Background Thread 3 ] DEBUG Engine               - width: 400
02:34:34.802 [FXGL Background Thread 3 ] DEBUG Engine               - Logging services
02:34:34.802 [FXGL Background Thread 3 ] DEBUG Engine               - class com.almasb.fxgl.app.services.FXGLAssetLoaderService
02:34:34.802 [FXGL Background Thread 3 ] DEBUG Engine               - class com.almasb.fxgl.app.FXGLApplication$GameApplicationService
02:34:34.802 [FXGL Background Thread 3 ] DEBUG Engine               - class com.almasb.fxgl.app.services.FXGLDialogService
02:34:34.802 [FXGL Background Thread 3 ] DEBUG Engine               - class com.almasb.fxgl.app.services.IOTaskExecutorService
02:34:34.802 [FXGL Background Thread 3 ] DEBUG Engine               - class com.almasb.fxgl.io.FileSystemService
02:34:34.802 [FXGL Background Thread 3 ] DEBUG Engine               - class com.almasb.fxgl.localization.LocalizationService
02:34:34.802 [FXGL Background Thread 3 ] DEBUG Engine               - class com.almasb.fxgl.app.services.SystemBundleService
02:34:34.802 [FXGL Background Thread 3 ] DEBUG Engine               - class com.almasb.fxgl.profile.SaveLoadService
02:34:34.802 [FXGL Background Thread 3 ] DEBUG Engine               - class com.almasb.fxgl.ui.FXGLUIFactoryServiceProvider
02:34:34.802 [FXGL Background Thread 3 ] DEBUG Engine               - class com.almasb.fxgl.ui.FXGLDialogFactoryServiceProvider
02:34:34.802 [FXGL Background Thread 3 ] DEBUG Engine               - class com.almasb.fxgl.audio.AudioPlayer
02:34:34.802 [FXGL Background Thread 3 ] DEBUG Engine               - class com.almasb.fxgl.notification.impl.NotificationServiceProvider
02:34:34.802 [FXGL Background Thread 3 ] DEBUG Engine               - class com.almasb.fxgl.achievement.AchievementService
02:34:34.802 [FXGL Background Thread 3 ] DEBUG Engine               - class com.almasb.fxgl.cutscene.CutsceneService
02:34:34.802 [FXGL Background Thread 3 ] DEBUG Engine               - class com.almasb.fxgl.minigames.MiniGameService
02:34:34.802 [FXGL Background Thread 3 ] DEBUG Engine               - class com.almasb.fxgl.net.NetService
02:34:34.802 [FXGL Background Thread 3 ] DEBUG Engine               - class com.almasb.fxgl.app.services.UpdaterService
02:34:34.803 [FXGL Background Thread 3 ] DEBUG Engine               - class com.almasb.fxgl.dev.DevService
02:34:36.333 [JavaFX Application Thread] DEBUG FXGLApplication      - Exiting FXGL
02:34:36.333 [JavaFX Application Thread] DEBUG Async                - Shutting down background threads
02:34:36.334 [JavaFX Application Thread] DEBUG PrimaryStageWindow   - Closing main window
02:34:36.337 [JavaFX Application Thread] DEBUG Logger               - Closing Logger
