01:34:03.869 [main                     ] DEBUG Logger               - Configured Logger
01:34:03.923 [main                     ] DEBUG GameApplication      - Logging settings
Title: SoundSpecApp
Version: 0.0
Width: 400
Height: 300
Fullscreen: false
Intro: false
Profiling: false
Single step:false
App Mode: DEVELOPER
Menu Key: ESCAPE
Stage Style: DECORATED
Scene Factory: class com.almasb.fxgl.app.scene.SceneFactory

01:34:04.454 [JavaFX Application Thread] DEBUG FXGLApplication      - Initializing FXGL
01:34:04.461 [JavaFX Application Thread] INFO  Engine               - FXGL-21.1 (27.03.2024 07.52) on LINUX (J:21.0.11 FX:21)
01:34:04.462 [JavaFX Application Thread] DEBUG Engine               - JRE Vendor Name: Ubuntu
01:34:04.463 [JavaFX Application Thread] DEBUG Engine               - Running on OS: Linux version 6.18.33.2-microsoft-standard-WSL2
01:34:04.463 [JavaFX Application Thread] DEBUG Engine               - Architecture: amd64
01:34:04.463 [JavaFX Application Thread] INFO  Engine               - Source code and latest versions at: https://github.com/AlmasB/FXGL
01:34:04.463 [JavaFX Application Thread] INFO  Engine               -       Ask questions and discuss at: https://github.com/AlmasB/FXGL/discussions
01:34:04.464 [JavaFX Application Thread] INFO  Engine               -              Join the FXGL chat at: https://gitter.im/AlmasB/FXGL
01:34:04.583 [JavaFX Application Thread] DEBUG PrimaryStageWindow   - Creating a JavaFX scene
01:34:04.654 [JavaFX Application Thread] DEBUG PrimaryStageWindow   - Target settings size: 400.0 x 300.0
01:34:04.654 [JavaFX Application Thread] DEBUG PrimaryStageWindow   - Scaled scene size:    400.0 x 300.0
01:34:04.655 [JavaFX Application Thread] DEBUG PrimaryStageWindow   - Scaled ratio: (1.0, 1.0)
01:34:04.657 [JavaFX Application Thread] DEBUG PrimaryStageWindow   - Set initial scene to FXGLStartupScene
01:34:04.661 [JavaFX Application Thread] DEBUG PrimaryStageWindow   - Opening main window
01:34:04.749 [JavaFX Application Thread] DEBUG PrimaryStageWindow   - Window border size: (0.0, 35.0)
01:34:04.750 [JavaFX Application Thread] DEBUG PrimaryStageWindow   - Scaled size: 400.0 x 265.0
01:34:04.750 [JavaFX Application Thread] DEBUG PrimaryStageWindow   - Scaled ratio: (1.0, 0.8833333333333333)
01:34:04.751 [JavaFX Application Thread] DEBUG PrimaryStageWindow   - Scene size: 400.0 x 300.0
01:34:04.751 [JavaFX Application Thread] DEBUG PrimaryStageWindow   - Stage size: 400.0 x 300.0
01:34:04.763 [FXGL Background Thread 1 ] DEBUG Engine               - Initializing environment variables
01:34:04.876 [FXGL Background Thread 1 ] DEBUG FXGLAssetLoaderServi - User app class for loading assets: class com.komahito.app.SoundSpecApp
01:34:04.876 [FXGL Background Thread 1 ] DEBUG GameApplicationServi - Applying CSS: fxgl_dark.css
01:34:04.878 [FXGL Background Thread 1 ] DEBUG FXGLAssetLoaderServi - Loading from file system: jar:file:///home/hitoha/.m2/repository/com/github/almasb/fxgl/21.1/fxgl-21.1.jar!/fxglassets/ui/css/fxgl_dark.css
01:34:04.967 [FXGL Background Thread 1 ] DEBUG GameApplicationServi - Initializing application scenes
01:34:05.023 [FXGL Background Thread 1 ] DEBUG GameWorld            - Game world initialized
01:34:05.107 [FXGL Background Thread 1 ] DEBUG PhysicsWorld         - Physics world initialized: appHeight=300, physics.ppm=50.0
01:34:05.109 [FXGL Background Thread 1 ] DEBUG PhysicsWorld         - Using strategy: BRUTE_FORCE
01:34:05.116 [FXGL Background Thread 1 ] DEBUG GameScene            - Game scene initialized: 400x300
01:34:05.131 [FXGL Background Thread 1 ] WARN  FXGL.DefaultMenu     - FXGLDefaultMenu is not designed for resolutions < 800x600
01:34:05.132 [FXGL Background Thread 1 ] DEBUG FXGL.DefaultMenu     - createMenuBodyGameMenu()
01:34:05.152 [FXGL Background Thread 1 ] DEBUG FXGL.DefaultMenu     - createOptionsMenu()
01:34:05.169 [FXGL Background Thread 1 ] DEBUG FXGLAssetLoaderServi - Loading from file system: jar:file:///home/hitoha/.m2/repository/com/github/almasb/fxgl/21.1/fxgl-21.1.jar!/fxglassets/textures/particles/smoke.png
01:34:05.297 [FXGL Background Thread 1 ] DEBUG FXGLAssetLoaderServi - Loading from file system: jar:file:///home/hitoha/.m2/repository/com/github/almasb/fxgl/21.1/fxgl-21.1.jar!/fxglassets/textures/particles/trace_horizontal.png
01:34:05.344 [FXGL Background Thread 1 ] DEBUG GameApplicationServi - Application scenes initialized
01:34:05.365 [FXGL Background Thread 1 ] DEBUG SystemBundleService  - Loading FXGL system data
01:34:05.371 [FXGL Background Thread 1 ] DEBUG FileSystemAccess     - Reading from: /home/hitoha/AirDancer/airDancer/airdancer/system/fxgl.bundle
01:34:05.384 [FXGL Background Thread 1 ] DEBUG SystemBundleService  - Bundle FXGL: {}
01:34:05.385 [FXGL Background Thread 1 ] DEBUG UpdaterService       - Checking for updates
01:34:05.390 [FXGL Background Thread 4 ] DEBUG FXGLApplication      - Loading fonts
01:34:05.391 [FXGL Background Thread 1 ] DEBUG FXGLApplication      - Loading default localization
01:34:05.391 [FXGL Background Thread 4 ] DEBUG FXGLAssetLoaderServi - Loading from file system: jar:file:///home/hitoha/.m2/repository/com/github/almasb/fxgl/21.1/fxgl-21.1.jar!/fxglassets/ui/fonts/VarelaRound-Regular.ttf
01:34:05.393 [FXGL Background Thread 1 ] DEBUG FXGLAssetLoaderServi - Loading from file system: jar:file:///home/hitoha/.m2/repository/com/github/almasb/fxgl/21.1/fxgl-21.1.jar!/fxglassets/languages/english.lang
01:34:05.405 [FXGL Background Thread 4 ] DEBUG FXGLAssetLoaderServi - Loading from file system: jar:file:///home/hitoha/.m2/repository/com/github/almasb/fxgl/21.1/fxgl-21.1.jar!/fxglassets/ui/fonts/Abel-Regular.ttf
01:34:05.407 [FXGL Background Thread 4 ] DEBUG FXGLAssetLoaderServi - Loading from file system: jar:file:///home/hitoha/.m2/repository/com/github/almasb/fxgl/21.1/fxgl-21.1.jar!/fxglassets/ui/fonts/TerminalLandMono-Regular.otf
01:34:05.409 [FXGL Background Thread 4 ] DEBUG FXGLAssetLoaderServi - Loading from file system: jar:file:///home/hitoha/.m2/repository/com/github/almasb/fxgl/21.1/fxgl-21.1.jar!/fxglassets/ui/fonts/Courier-Prime.ttf
01:34:05.419 [JavaFX Application Thread] DEBUG FXGLApplication      - Registering font factories with UI factory
01:34:05.424 [FXGL Background Thread 1 ] INFO  FXGLApplication      - FXGL initialization took: 0.661 sec
01:34:05.426 [JavaFX Application Thread] DEBUG FXGLAssetLoaderServi - Loading from file system: jar:file:///home/hitoha/.m2/repository/com/github/almasb/fxgl/21.1/fxgl-21.1.jar!/fxglassets/textures/fxgl_icon.png
01:34:05.461 [JavaFX Application Thread] DEBUG FXGLAssetLoaderServi - Loading from file system: jar:file:///home/hitoha/.m2/repository/com/github/almasb/fxgl/21.1/fxgl-21.1.jar!/fxglassets/textures/fxgl_default_cursor.png
01:34:05.476 [JavaFX Application Thread] DEBUG Input                - Registered new binding: Screenshot - CTRL+8
01:34:05.476 [JavaFX Application Thread] DEBUG Input                - Registered new binding: System info dump - CTRL+9
01:34:05.476 [JavaFX Application Thread] DEBUG Input                - Registered new binding: Restart - CTRL+R
01:34:05.477 [JavaFX Application Thread] DEBUG Input                - Registered new binding: Toggle Debug Camera - CTRL+7
01:34:05.480 [JavaFX Application Thread] DEBUG LoopRunner           - Starting loop
01:34:05.480 [JavaFX Application Thread] DEBUG LoopRunner           - Initializing JavaFX AnimationTimerLoop
01:34:05.481 [JavaFX Application Thread] DEBUG GameApplicationServi - Starting new game
01:34:05.481 [JavaFX Application Thread] DEBUG Input                - Clearing active input actions
01:34:05.505 [JavaFX Application Thread] DEBUG GameApplicationServi - Removing overlay from FXGLStartupScene and adding to FXGLLoadingScene
01:34:05.506 [JavaFX Application Thread] DEBUG PrimaryStageWindow   - FXGLStartupScene -> FXGLLoadingScene
01:34:05.506 [JavaFX Application Thread] DEBUG GameApplicationServi - Clearing previous game
01:34:05.507 [JavaFX Application Thread] DEBUG GameScene            - Clearing game scene
01:34:05.507 [JavaFX Application Thread] DEBUG GameWorld            - Clearing game world
01:34:05.509 [JavaFX Application Thread] DEBUG PhysicsWorld         - Clearing physics world
01:34:05.511 [FXGL Background Thread 1 ] DEBUG FXGLApplication      - Initializing game
01:34:06.785 [FXGL Background Thread 2 ] INFO  UpdaterService       - Your current version:  21.1
01:34:06.786 [FXGL Background Thread 2 ] INFO  UpdaterService       - Latest stable version: 25
01:34:06.809 [FXGL Background Thread 1 ] WARN  FXGLAssetLoaderServi - Asset "/assets/music/archersound-tokyo-rain-serenade-archer-sounds-321180.mp3" was not found!
01:34:06.810 [FXGL Background Thread 1 ] WARN  FXGLAssetLoaderServi - Failed to load MUSIC
01:34:06.811 [FXGL Background Thread 1 ] DEBUG AudioPlayer          - Playing music com.almasb.fxgl.audio.Music@4fb454bd
01:34:06.842 [FXGL Background Thread 1 ] INFO  FXGLApplication      - Game initialization took: 1.331 sec
01:34:06.843 [JavaFX Application Thread] DEBUG Input                - Clearing active input actions
01:34:06.858 [JavaFX Application Thread] DEBUG GameApplicationServi - Removing overlay from FXGLLoadingScene and adding to GameScene
01:34:06.859 [JavaFX Application Thread] DEBUG PrimaryStageWindow   - FXGLLoadingScene -> GameScene
01:34:08.388 [FXGL Background Thread 3 ] DEBUG Engine               - Logging environment variables
01:34:08.389 [FXGL Background Thread 3 ] DEBUG Engine               - achievements: []
01:34:08.389 [FXGL Background Thread 3 ] DEBUG Engine               - actualHeight: 265.0
01:34:08.390 [FXGL Background Thread 3 ] DEBUG Engine               - actualHeightProperty: ReadOnlyDoubleProperty [value: 362.0]
01:34:08.390 [FXGL Background Thread 3 ] DEBUG Engine               - actualWidth: 400.0
01:34:08.391 [FXGL Background Thread 3 ] DEBUG Engine               - actualWidthProperty: ReadOnlyDoubleProperty [value: 476.0]
01:34:08.391 [FXGL Background Thread 3 ] DEBUG Engine               - appIcon: fxgl_icon.png
01:34:08.391 [FXGL Background Thread 3 ] DEBUG Engine               - applicationMode: DEVELOPER
01:34:08.391 [FXGL Background Thread 3 ] DEBUG Engine               - cSSList: [fxgl_dark.css]
01:34:08.392 [FXGL Background Thread 3 ] DEBUG Engine               - collisionDetectionStrategy: BRUTE_FORCE
01:34:08.392 [FXGL Background Thread 3 ] DEBUG Engine               - configClass: Optional.empty
01:34:08.392 [FXGL Background Thread 3 ] DEBUG Engine               - credits: []
01:34:08.392 [FXGL Background Thread 3 ] DEBUG Engine               - defaultCursor: CursorInfo(imageName=fxgl_default_cursor.png, hotspotX=7.0, hotspotY=6.0)
01:34:08.393 [FXGL Background Thread 3 ] DEBUG Engine               - devBBoxColorProperty: ObjectProperty [value: 0xff0000ff]
01:34:08.393 [FXGL Background Thread 3 ] DEBUG Engine               - devEnableDebugCameraProperty: BooleanProperty [value: false]
01:34:08.394 [FXGL Background Thread 3 ] DEBUG Engine               - devSensorColorProperty: ObjectProperty [value: 0xffff00ff]
01:34:08.394 [FXGL Background Thread 3 ] DEBUG Engine               - devShowBBoxProperty: BooleanProperty [value: false]
01:34:08.394 [FXGL Background Thread 3 ] DEBUG Engine               - devShowPositionProperty: BooleanProperty [value: false]
01:34:08.394 [FXGL Background Thread 3 ] DEBUG Engine               - enabledMenuItems: []
01:34:08.394 [FXGL Background Thread 3 ] DEBUG Engine               - engineServices: [class com.almasb.fxgl.app.services.FXGLAssetLoaderService, class com.almasb.fxgl.app.FXGLApplication$GameApplicationService, class com.almasb.fxgl.app.services.FXGLDialogService, class com.almasb.fxgl.app.services.IOTaskExecutorService, class com.almasb.fxgl.io.FileSystemService, class com.almasb.fxgl.localization.LocalizationService, class com.almasb.fxgl.app.services.SystemBundleService, class com.almasb.fxgl.profile.SaveLoadService, class com.almasb.fxgl.ui.FXGLUIFactoryServiceProvider, class com.almasb.fxgl.ui.FXGLDialogFactoryServiceProvider, class com.almasb.fxgl.audio.AudioPlayer, class com.almasb.fxgl.notification.impl.NotificationServiceProvider, class com.almasb.fxgl.achievement.AchievementService, class com.almasb.fxgl.cutscene.CutsceneService, class com.almasb.fxgl.minigames.MiniGameService, class com.almasb.fxgl.net.NetService, class com.almasb.fxgl.app.services.UpdaterService, class com.almasb.fxgl.dev.DevService]
01:34:08.394 [FXGL Background Thread 3 ] DEBUG Engine               - fontGame: Abel-Regular.ttf
01:34:08.395 [FXGL Background Thread 3 ] DEBUG Engine               - fontMono: TerminalLandMono-Regular.otf
01:34:08.395 [FXGL Background Thread 3 ] DEBUG Engine               - fontSizeScaleUI: 1.0
01:34:08.395 [FXGL Background Thread 3 ] DEBUG Engine               - fontText: Courier-Prime.ttf
01:34:08.395 [FXGL Background Thread 3 ] DEBUG Engine               - fontUI: VarelaRound-Regular.ttf
01:34:08.395 [FXGL Background Thread 3 ] DEBUG Engine               - fullScreen: BooleanProperty [value: false]
01:34:08.395 [FXGL Background Thread 3 ] DEBUG Engine               - gameDifficulty: MEDIUM
01:34:08.395 [FXGL Background Thread 3 ] DEBUG Engine               - gameDifficultyProperty: ObjectProperty [value: MEDIUM]
01:34:08.395 [FXGL Background Thread 3 ] DEBUG Engine               - globalMusicVolume: 0.5
01:34:08.395 [FXGL Background Thread 3 ] DEBUG Engine               - globalMusicVolumeProperty: DoubleProperty [value: 0.5]
01:34:08.396 [FXGL Background Thread 3 ] DEBUG Engine               - globalSoundVolume: 0.5
01:34:08.396 [FXGL Background Thread 3 ] DEBUG Engine               - globalSoundVolumeProperty: DoubleProperty [value: 0.5]
01:34:08.396 [FXGL Background Thread 3 ] DEBUG Engine               - height: 300
01:34:08.397 [FXGL Background Thread 3 ] DEBUG Engine               - is3D: false
01:34:08.397 [FXGL Background Thread 3 ] DEBUG Engine               - isAndroid: false
01:34:08.397 [FXGL Background Thread 3 ] DEBUG Engine               - isBrowser: false
01:34:08.397 [FXGL Background Thread 3 ] DEBUG Engine               - isClickFeedbackEnabled: false
01:34:08.397 [FXGL Background Thread 3 ] DEBUG Engine               - isCloseConfirmation: false
01:34:08.397 [FXGL Background Thread 3 ] DEBUG Engine               - isDesktop: true
01:34:08.398 [FXGL Background Thread 3 ] DEBUG Engine               - isDeveloperMenuEnabled: false
01:34:08.398 [FXGL Background Thread 3 ] DEBUG Engine               - isEmbedded: false
01:34:08.398 [FXGL Background Thread 3 ] DEBUG Engine               - isEntityPreloadEnabled: true
01:34:08.398 [FXGL Background Thread 3 ] DEBUG Engine               - isExperimentalTiledLargeMap: false
01:34:08.398 [FXGL Background Thread 3 ] DEBUG Engine               - isFileSystemWriteAllowed: true
01:34:08.398 [FXGL Background Thread 3 ] DEBUG Engine               - isFullScreenAllowed: false
01:34:08.398 [FXGL Background Thread 3 ] DEBUG Engine               - isFullScreenFromStart: false
01:34:08.398 [FXGL Background Thread 3 ] DEBUG Engine               - isGameMenuEnabled: true
01:34:08.398 [FXGL Background Thread 3 ] DEBUG Engine               - isIOS: false
01:34:08.399 [FXGL Background Thread 3 ] DEBUG Engine               - isIntroEnabled: false
01:34:08.399 [FXGL Background Thread 3 ] DEBUG Engine               - isLinux: true
01:34:08.399 [FXGL Background Thread 3 ] DEBUG Engine               - isMac: false
01:34:08.399 [FXGL Background Thread 3 ] DEBUG Engine               - isMainMenuEnabled: false
01:34:08.399 [FXGL Background Thread 3 ] DEBUG Engine               - isManualResizeEnabled: false
01:34:08.399 [FXGL Background Thread 3 ] DEBUG Engine               - isMobile: false
01:34:08.399 [FXGL Background Thread 3 ] DEBUG Engine               - isNative: false
01:34:08.399 [FXGL Background Thread 3 ] DEBUG Engine               - isPauseMusicWhenMinimized: true
01:34:08.399 [FXGL Background Thread 3 ] DEBUG Engine               - isPreserveResizeRatio: false
01:34:08.399 [FXGL Background Thread 3 ] DEBUG Engine               - isProfilingEnabled: false
01:34:08.400 [FXGL Background Thread 3 ] DEBUG Engine               - isScaleAffectedOnResize: true
01:34:08.400 [FXGL Background Thread 3 ] DEBUG Engine               - isSingleStep: false
01:34:08.400 [FXGL Background Thread 3 ] DEBUG Engine               - isUserProfileEnabled: false
01:34:08.400 [FXGL Background Thread 3 ] DEBUG Engine               - isWindows: false
01:34:08.400 [FXGL Background Thread 3 ] DEBUG Engine               - language: ObjectProperty [value: ENGLISH]
01:34:08.400 [FXGL Background Thread 3 ] DEBUG Engine               - menuKey: ESCAPE
01:34:08.400 [FXGL Background Thread 3 ] DEBUG Engine               - mouseSensitivity: 0.2
01:34:08.400 [FXGL Background Thread 3 ] DEBUG Engine               - notificationViewClass: class com.almasb.fxgl.notification.view.XboxNotificationView
01:34:08.400 [FXGL Background Thread 3 ] DEBUG Engine               - pixelsPerMeter: 50.0
01:34:08.400 [FXGL Background Thread 3 ] DEBUG Engine               - platform: LINUX
01:34:08.400 [FXGL Background Thread 3 ] DEBUG Engine               - prefHeightProperty: ReadOnlyDoubleProperty [value: 300.0]
01:34:08.400 [FXGL Background Thread 3 ] DEBUG Engine               - prefWidthProperty: ReadOnlyDoubleProperty [value: 400.0]
01:34:08.400 [FXGL Background Thread 3 ] DEBUG Engine               - profileDir: profiles/
01:34:08.401 [FXGL Background Thread 3 ] DEBUG Engine               - profileName: StringProperty [value: DEFAULT]
01:34:08.401 [FXGL Background Thread 3 ] DEBUG Engine               - randomSeed: -1
01:34:08.401 [FXGL Background Thread 3 ] DEBUG Engine               - runtimeInfo: RuntimeInfo(platform=LINUX, version=21.1, build=27.03.2024 07.52)
01:34:08.401 [FXGL Background Thread 3 ] DEBUG Engine               - saveFileExt: sav
01:34:08.401 [FXGL Background Thread 3 ] DEBUG Engine               - scaledHeightProp$fxgl: DoubleProperty [bound, value: 362.0]
01:34:08.401 [FXGL Background Thread 3 ] DEBUG Engine               - scaledWidthProp$fxgl: DoubleProperty [bound, value: 476.0]
01:34:08.401 [FXGL Background Thread 3 ] DEBUG Engine               - sceneFactory: com.almasb.fxgl.app.scene.SceneFactory@6f7dee36
01:34:08.401 [FXGL Background Thread 3 ] DEBUG Engine               - secondsIn24h: 60
01:34:08.401 [FXGL Background Thread 3 ] DEBUG Engine               - soundMenuBack: menu/back.wav
01:34:08.401 [FXGL Background Thread 3 ] DEBUG Engine               - soundMenuPress: menu/press.wav
01:34:08.402 [FXGL Background Thread 3 ] DEBUG Engine               - soundMenuSelect: menu/select.wav
01:34:08.402 [FXGL Background Thread 3 ] DEBUG Engine               - soundNotification: core/notification.wav
01:34:08.402 [FXGL Background Thread 3 ] DEBUG Engine               - stageStyle: DECORATED
01:34:08.402 [FXGL Background Thread 3 ] DEBUG Engine               - supportedLanguages: [ENGLISH, FRENCH, GERMAN, HUNGARIAN, RUSSIAN]
01:34:08.402 [FXGL Background Thread 3 ] DEBUG Engine               - ticksPerSecond: -1
01:34:08.402 [FXGL Background Thread 3 ] DEBUG Engine               - title: SoundSpecApp
01:34:08.402 [FXGL Background Thread 3 ] DEBUG Engine               - urlGithub: https://github.com/AlmasB/FXGL
01:34:08.402 [FXGL Background Thread 3 ] DEBUG Engine               - urlLeaderboard: http://fxgl-top.herokuapp.com/
01:34:08.402 [FXGL Background Thread 3 ] DEBUG Engine               - urlPOM: https://raw.githubusercontent.com/AlmasB/FXGL/release/README.md
01:34:08.402 [FXGL Background Thread 3 ] DEBUG Engine               - userAppClass: class com.komahito.app.SoundSpecApp
01:34:08.402 [FXGL Background Thread 3 ] DEBUG Engine               - version: 0.0
01:34:08.402 [FXGL Background Thread 3 ] DEBUG Engine               - versionCheckDays: 7
01:34:08.403 [FXGL Background Thread 3 ] DEBUG Engine               - width: 400
01:34:08.403 [FXGL Background Thread 3 ] DEBUG Engine               - Logging services
01:34:08.403 [FXGL Background Thread 3 ] DEBUG Engine               - class com.almasb.fxgl.app.services.FXGLAssetLoaderService
01:34:08.403 [FXGL Background Thread 3 ] DEBUG Engine               - class com.almasb.fxgl.app.FXGLApplication$GameApplicationService
01:34:08.403 [FXGL Background Thread 3 ] DEBUG Engine               - class com.almasb.fxgl.app.services.FXGLDialogService
01:34:08.403 [FXGL Background Thread 3 ] DEBUG Engine               - class com.almasb.fxgl.app.services.IOTaskExecutorService
01:34:08.403 [FXGL Background Thread 3 ] DEBUG Engine               - class com.almasb.fxgl.io.FileSystemService
01:34:08.403 [FXGL Background Thread 3 ] DEBUG Engine               - class com.almasb.fxgl.localization.LocalizationService
01:34:08.403 [FXGL Background Thread 3 ] DEBUG Engine               - class com.almasb.fxgl.app.services.SystemBundleService
01:34:08.403 [FXGL Background Thread 3 ] DEBUG Engine               - class com.almasb.fxgl.profile.SaveLoadService
01:34:08.403 [FXGL Background Thread 3 ] DEBUG Engine               - class com.almasb.fxgl.ui.FXGLUIFactoryServiceProvider
01:34:08.403 [FXGL Background Thread 3 ] DEBUG Engine               - class com.almasb.fxgl.ui.FXGLDialogFactoryServiceProvider
01:34:08.403 [FXGL Background Thread 3 ] DEBUG Engine               - class com.almasb.fxgl.audio.AudioPlayer
01:34:08.403 [FXGL Background Thread 3 ] DEBUG Engine               - class com.almasb.fxgl.notification.impl.NotificationServiceProvider
01:34:08.403 [FXGL Background Thread 3 ] DEBUG Engine               - class com.almasb.fxgl.achievement.AchievementService
01:34:08.403 [FXGL Background Thread 3 ] DEBUG Engine               - class com.almasb.fxgl.cutscene.CutsceneService
01:34:08.403 [FXGL Background Thread 3 ] DEBUG Engine               - class com.almasb.fxgl.minigames.MiniGameService
01:34:08.403 [FXGL Background Thread 3 ] DEBUG Engine               - class com.almasb.fxgl.net.NetService
01:34:08.403 [FXGL Background Thread 3 ] DEBUG Engine               - class com.almasb.fxgl.app.services.UpdaterService
01:34:08.403 [FXGL Background Thread 3 ] DEBUG Engine               - class com.almasb.fxgl.dev.DevService
01:34:11.767 [JavaFX Application Thread] DEBUG FXGLApplication      - Exiting FXGL
01:34:11.767 [JavaFX Application Thread] DEBUG LoopRunner           - Stopping loop
01:34:11.768 [JavaFX Application Thread] DEBUG SystemBundleService  - Saving FXGL system data
01:34:11.769 [JavaFX Application Thread] DEBUG FileSystemAccess     - Writing to: /home/hitoha/AirDancer/airDancer/airdancer/system/fxgl.bundle
01:34:11.773 [JavaFX Application Thread] DEBUG Async                - Shutting down background threads
01:34:11.773 [JavaFX Application Thread] DEBUG PrimaryStageWindow   - Closing main window
01:34:11.775 [JavaFX Application Thread] DEBUG Logger               - Closing Logger
